T1810 000:000.617   SEGGER J-Link V7.98b Log File
T1810 000:000.726   DLL Compiled: Jul 31 2024 16:10:46
T1810 000:000.731   Logging started @ 2025-12-19 02:58
T1810 000:000.736   Process: C:\Users\Rafael\.eclipse\com.renesas.platform_888051624\DebugComp\Synergy\e2-server-gdb.exe
T1810 000:000.742 - 0.740ms
T1810 000:000.753 JLINK_GetDLLVersion()
T1810 000:000.759 - 0.005ms returns 79802
T1810 000:004.713 JLINK_OpenEx(...)
T1810 000:107.374   Firmware: J-Link OB RX621-ARM-SWD V1 compiled Mar  8 2017 13:46:30
T1810 000:161.402   Firmware: J-Link OB RX621-ARM-SWD V1 compiled Mar  8 2017 13:46:30
T1810 000:161.733   Decompressing FW timestamp took 134 us
T1810 000:163.806   Hardware: V2.10
T1810 000:163.846   S/N: 708000805
T1810 000:163.853   OEM: SEGGER
T1810 000:163.859   Feature(s): None
T1810 000:165.969   Bootloader: (Could not read)
T1810 000:166.988   TELNET listener socket opened on port 19021
T1810 000:167.153   WEBSRV WEBSRV_Init(): Starting webserver thread(s)
T1810 000:167.308   WEBSRV Webserver running on local port 19080
T1810 000:167.464   Looking for J-Link GUI Server exe at: C:\Users\Rafael\.eclipse\com.renesas.platform_888051624\DebugComp\Synergy\ARM\Segger\JLinkGUIServer.exe
T1810 000:167.592   Looking for J-Link GUI Server exe at: \JLinkGUIServer.exe
T1810 000:472.901   Failed to connect to J-Link GUI Server.
T1810 000:472.930 - 468.211ms returns "O.K."
T1810 000:473.032 JLINK_ExecCommand("ProjectFile=C:\Users\Rafael\e2_studio\workspace\PortaLesGO/PortaLesGO Debug.jlink", ...). 
T1810 000:493.669 - 20.638ms returns 0x00
T1810 000:494.135 JLINK_ExecCommand("device=R7FS7G27H", ...). 
T1810 000:495.372   Flash bank @ 0x40120040: SFL: Parsing sectorization info from ELF file
T1810 000:495.388     FlashDevice.SectorInfo[0]: .SectorSize = 0x00000030, .SectorStartAddr = 0x00000000
T1810 000:500.547   Device "R7FS7G27H" selected.
T1810 000:500.828 - 6.682ms returns 0x00
T1810 000:500.950 JLINK_ExecCommand("SetCPUConnectIDCODE = FFFFFFFFFFFFFFFFFFFFFFFFFFFFFFFF", ...). 
T1810 000:500.962 - 0.003ms returns 0x00
T1810 000:500.982 JLINK_TIF_GetAvailable(...)
T1810 000:501.255 - 0.272ms
T1810 000:501.269 JLINK_TIF_Select(JLINKARM_TIF_SWD)
T1810 000:502.027 - 0.758ms returns 0x00
T1810 000:502.039 JLINK_SetSpeed(4000)
T1810 000:502.211 - 0.173ms
T1810 000:502.232 JLINK_SetEndian(ARM_ENDIAN_LITTLE)
T1810 000:502.251 - 0.018ms returns 0
T1810 000:502.256 JLINK_SetInitRegsOnReset(OFF)
T1810 000:502.260 - 0.004ms returns 1
T1810 000:502.265 JLINK_SetResetType(JLINKARM_RESET_TYPE_NO_RESET)
T1810 000:502.270 - 0.004ms returns JLINKARM_RESET_TYPE_NORMAL
T1810 000:502.275 JLINK_ExecCommand("EnableFlashBPs", ...). 
T1810 000:502.281 - 0.000ms returns 0x00
T1810 000:502.287 JLINK_ExecCommand("SetAllowFlashCache = 1", ...). 
T1810 000:502.305 - 0.000ms returns 0x01
T1810 000:502.311 JLINK_ExecCommand("SetRestartOnClose = 0", ...). 
T1810 000:502.317 - 0.001ms returns 0x01
T1810 000:502.324 JLINK_EnableSoftBPs(ON)
T1810 000:502.332 - 0.009ms
T1810 000:502.338 JLINK_Connect()
T1810 000:502.570   InitTarget() start
T1810 000:502.581    J-Link Script File: Executing InitTarget()
T1810 000:502.590   Identifying target device...
T1810 000:502.597   SWD selected. Executing JTAG -> SWD switching sequence...
T1810 000:504.220   Initializing DAP...
T1810 000:504.828   Error: Failed to initialized DAP.
T1810 000:504.838   Attach to CPU failed. Trying connect under reset.
T1810 000:605.897   Identifying target device...
T1810 000:605.937   SWD selected. Executing JTAG -> SWD switching sequence...
T1810 000:607.341   Initializing DAP...
T1810 000:609.463   DAP initialized successfully.
T1810 000:612.570   Low power mode detected. Waking device from low power mode.
T1810 000:722.957   InitTarget() end - Took 220ms
T1810 000:723.564   Found SW-DP with ID 0x5BA02477
T1810 000:727.019   Old FW that does not support reading DPIDR via DAP jobs
T1810 000:730.332   DPv0 detected
T1810 000:730.345   CoreSight SoC-400 or earlier
T1810 000:730.352   Scanning AP map to find all available APs
T1810 000:733.925   AP[2]: Stopped AP scan as end of AP map has been reached
T1810 000:733.945   AP[0]: AHB-AP (IDR: 0x24770011)
T1810 000:733.951   AP[1]: APB-AP (IDR: 0x44770002)
T1810 000:733.957   Iterating through AP map to find AHB-AP to use
T1810 000:737.497   AP[0]: Core found
T1810 000:737.510   AP[0]: AHB-AP ROM base: 0xE00FF000
T1810 000:739.343   CPUID register: 0x410FC241. Implementer code: 0x41 (ARM)
T1810 000:739.356   Found Cortex-M4 r0p1, Little endian.
T1810 000:739.811   -- Max. mem block: 0x0000E9C8
T1810 000:740.122   CPU_ReadMem(4 bytes @ 0xE000EDF0)
T1810 000:740.408   CPU_WriteMem(4 bytes @ 0xE000EDF0)
T1810 000:740.693   CPU_ReadMem(4 bytes @ 0xE0002000)
T1810 000:740.990   FPUnit: 6 code (BP) slots and 2 literal slots
T1810 000:740.999   CPU_ReadMem(4 bytes @ 0xE000EDFC)
T1810 000:741.285   CPU_WriteMem(4 bytes @ 0xE000EDFC)
T1810 000:741.575   CPU_ReadMem(4 bytes @ 0xE0001000)
T1810 000:741.908   CPU_WriteMem(4 bytes @ 0xE0001000)
T1810 000:742.288   CPU_ReadMem(4 bytes @ 0xE000ED88)
T1810 000:742.576   CPU_WriteMem(4 bytes @ 0xE000ED88)
T1810 000:742.837   CPU_ReadMem(4 bytes @ 0xE000ED88)
T1810 000:743.129   CPU_WriteMem(4 bytes @ 0xE000ED88)
T1810 000:743.406   CoreSight components:
T1810 000:743.416   ROMTbl[0] @ E00FF000
T1810 000:743.423   CPU_ReadMem(64 bytes @ 0xE00FF000)
T1810 000:744.080   CPU_ReadMem(32 bytes @ 0xE000EFE0)
T1810 000:744.599   [0][0]: E000E000 CID B105E00D PID 000BB00C SCS-M7
T1810 000:744.610   CPU_ReadMem(32 bytes @ 0xE0001FE0)
T1810 000:745.046   [0][1]: E0001000 CID B105E00D PID 003BB002 DWT
T1810 000:745.056   CPU_ReadMem(32 bytes @ 0xE0002FE0)
T1810 000:745.484   [0][2]: E0002000 CID B105E00D PID 002BB003 FPB
T1810 000:745.493   CPU_ReadMem(32 bytes @ 0xE0000FE0)
T1810 000:745.904   [0][3]: E0000000 CID B105E00D PID 003BB001 ITM
T1810 000:745.914   CPU_ReadMem(32 bytes @ 0xE0040FE0)
T1810 000:746.342   [0][4]: E0040000 CID B105900D PID 000BB9A1 TPIU
T1810 000:746.352   CPU_ReadMem(32 bytes @ 0xE0041FE0)
T1810 000:746.825   [0][5]: E0041000 CID B105900D PID 000BB925 ETM
T1810 000:746.834   CPU_ReadMem(32 bytes @ 0xE0042FE0)
T1810 000:747.304   [0][6]: E0042000 CID B105900D PID 002BB908 CSTF
T1810 000:747.314   CPU_ReadMem(32 bytes @ 0xE0043FE0)
T1810 000:747.837   [0][7]: E0043000 CID B105900D PID 001BB961 TMC
T1810 000:747.847   CPU_ReadMem(32 bytes @ 0xE0044FE0)
T1810 000:748.277   [0][8]: E0044000 CID B105F00D PID 001BB101 TSG
T1810 000:748.314 - 245.975ms returns 0x00
T1810 000:748.367 JLINK_Halt()
T1810 000:750.923 - 2.555ms returns 0x00
T1810 000:750.933 JLINK_IsHalted()
T1810 000:751.206 - 0.272ms returns TRUE
T1810 000:751.216 JLINK_ResetPullsRESET(ON)
T1810 000:751.221 - 0.004ms
T1810 000:751.225 JLINK_Reset()
T1810 000:751.242   CPU_WriteMem(4 bytes @ 0xE000EDF0)
T1810 000:751.585   CPU_WriteMem(4 bytes @ 0xE000EDFC)
T1810 000:751.892   Reset: Halt core after reset via DEMCR.VC_CORERESET.
T1810 000:752.198   Reset: Reset device via AIRCR.SYSRESETREQ.
T1810 000:752.208   CPU_WriteMem(4 bytes @ 0xE000ED0C)
T1810 000:805.213   CPU_ReadMem(4 bytes @ 0xE000EDF0)
T1810 000:805.560   CPU_ReadMem(4 bytes @ 0xE000EDF0)
T1810 000:805.851   CPU_WriteMem(4 bytes @ 0xE000EDFC)
T1810 000:811.641   CPU_ReadMem(4 bytes @ 0xE000EDF0)
T1810 000:814.494   CPU_WriteMem(4 bytes @ 0xE0002000)
T1810 000:814.802   CPU_ReadMem(4 bytes @ 0xE000EDFC)
T1810 000:815.088   CPU_ReadMem(4 bytes @ 0xE0001000)
T1810 000:815.386 - 64.160ms
T1810 000:815.445 JLINK_ReadMemEx(0x407FB19C, 0x8 Bytes, Flags = 0x00000004)
T1810 000:815.461   CPU_ReadMem(8 bytes @ 0x407FB19C)
T1810 000:815.816   Data:  00 80 00 01 00 00 00 00
T1810 000:815.826 - 0.380ms returns 8 (0x8)
T1810 000:815.842 JLINK_ReadMem(0x01008024, 0x10 Bytes, ...)
T1810 000:815.874   CPU_ReadMem(16 bytes @ 0x01008024)
T1810 000:816.195   Data:  52 37 46 53 37 47 32 37 48 33 41 30 31 43 46 43
T1810 000:816.205 - 0.363ms returns 0
T1810 000:816.214 JLINK_IsHalted()
T1810 000:816.219 - 0.005ms returns TRUE
T1810 000:816.489 JLINK_MeasureCPUSpeed(RAMAddr = 0xFFFFFFFF)
T1810 000:816.503   CPU_ReadMem(16 bytes @ 0x1FFE0000)
T1810 000:816.892   CPU_ReadMem(64 bytes @ 0x1FFE0000)
T1810 000:817.512    -- Updating C cache (64 bytes @ 0x1FFE0000)
T1810 000:817.522    -- Read from C cache (6 bytes @ 0x1FFE0000)
T1810 000:817.530   CPU_ReadMem(4 bytes @ 0xE000ED90)
T1810 000:817.802   CPU_ReadMem(4 bytes @ 0xE000ED94)
T1810 000:818.090   CPU_WriteMem(16 bytes @ 0x1FFE0000)
T1810 000:818.414   CPU_WriteMem(6 bytes @ 0x1FFE0000)
T1810 000:818.708   CPU_ReadMem(64 bytes @ 0x1FFE0000)
T1810 000:819.387    -- Updating C cache (64 bytes @ 0x1FFE0000)
T1810 000:819.418    -- Read from C cache (6 bytes @ 0x1FFE0000)
T1810 000:819.436   CPU_WriteMem(4 bytes @ 0xE0002008)
T1810 000:819.443   CPU_WriteMem(4 bytes @ 0xE000200C)
T1810 000:819.449   CPU_WriteMem(4 bytes @ 0xE0002010)
T1810 000:819.455   CPU_WriteMem(4 bytes @ 0xE0002014)
T1810 000:819.461   CPU_WriteMem(4 bytes @ 0xE0002018)
T1810 000:819.467   CPU_WriteMem(4 bytes @ 0xE000201C)
T1810 000:826.187   CPU_WriteMem(4 bytes @ 0xE0002008)
T1810 000:826.546   CPU_WriteMem(4 bytes @ 0xE000200C)
T1810 000:826.816   CPU_WriteMem(4 bytes @ 0xE0002010)
T1810 000:827.132   CPU_WriteMem(4 bytes @ 0xE0002014)
T1810 000:827.470   CPU_WriteMem(4 bytes @ 0xE0002018)
T1810 000:827.816   CPU_WriteMem(4 bytes @ 0xE000201C)
T1810 000:852.954   CPU_WriteMem(6 bytes @ 0x1FFE0000)
T1810 000:853.302   ClockFreq: 2001000 Hz
T1810 000:853.315 - 36.826ms returns 2001000
T1810 000:853.368 JLINK_ReadReg(XPSR)
T1810 000:853.379 - 0.011ms returns 0x01000000
T3DD8 002:934.068 JLINK_WriteMem(0x1FFE0B08, 0x4 Bytes, ...)
T3DD8 002:934.085   Data:  00 00 00 00
T3DD8 002:934.498   CPU_WriteMem(4 bytes @ 0x1FFE0B08)
T3DD8 002:935.055 - 0.986ms returns 0x4
T3DD8 002:936.770 JLINK_ReadMem(0x1FFE0B08, 0x4 Bytes, ...)
T3DD8 002:936.815   CPU_ReadMem(64 bytes @ 0x1FFE0B00)
T3DD8 002:937.662    -- Updating C cache (64 bytes @ 0x1FFE0B00)
T3DD8 002:937.686    -- Read from C cache (4 bytes @ 0x1FFE0B08)
T3DD8 002:937.694   Data:  00 00 00 00
T3DD8 002:937.710 - 0.940ms returns 0
T3DD8 002:937.766 JLINK_ReadReg(XPSR)
T3DD8 002:938.076 - 0.308ms returns 0x01000000
T3DD8 002:938.108 JLINK_ReadMem(0x1FFE0B08, 0x4 Bytes, ...)
T3DD8 002:938.117    -- Read from C cache (4 bytes @ 0x1FFE0B08)
T3DD8 002:938.124   Data:  00 00 00 00
T3DD8 002:938.131 - 0.023ms returns 0
T3DD8 002:965.829 JLINK_ReadMem(0x1FFE0B08, 0x4 Bytes, ...)
T3DD8 002:965.858    -- Read from C cache (4 bytes @ 0x1FFE0B08)
T3DD8 002:965.865   Data:  00 00 00 00
T3DD8 002:965.872 - 0.043ms returns 0
T3DD8 002:965.912 JLINK_ReadReg(XPSR)
T3DD8 002:965.921 - 0.009ms returns 0x01000000
T3DD8 002:965.930 JLINK_ReadMem(0x1FFE0B08, 0x4 Bytes, ...)
T3DD8 002:965.936    -- Read from C cache (4 bytes @ 0x1FFE0B08)
T3DD8 002:965.942   Data:  00 00 00 00
T3DD8 002:965.948 - 0.017ms returns 0
T3DD8 002:967.346 JLINK_ReadMem(0x1FFE0B08, 0x4 Bytes, ...)
T3DD8 002:967.376    -- Read from C cache (4 bytes @ 0x1FFE0B08)
T3DD8 002:967.385   Data:  00 00 00 00
T3DD8 002:967.392 - 0.047ms returns 0
T3DD8 002:967.435 JLINK_ReadReg(XPSR)
T3DD8 002:967.444 - 0.008ms returns 0x01000000
T3DD8 002:967.454 JLINK_ReadMem(0x1FFE0B08, 0x4 Bytes, ...)
T3DD8 002:967.460    -- Read from C cache (4 bytes @ 0x1FFE0B08)
T3DD8 002:967.467   Data:  00 00 00 00
T3DD8 002:967.473 - 0.019ms returns 0
T3DD8 003:388.114 JLINK_BeginDownload(Flags = 0x00000000)
T3DD8 003:388.143 - 0.029ms
T3DD8 003:391.808 JLINK_WriteMem(0x00000000, 0xBC0 Bytes, ...)
T3DD8 003:391.830   Data:  10 A5 FE 1F 8D 5D 00 00 01 58 00 00 89 5D 00 00 ...
T3DD8 003:392.140   completely In flash
T3DD8 003:392.154 - 0.346ms returns 0xBC0
T3DD8 003:392.830 JLINK_WriteMem(0x00000BC0, 0xBB0 Bytes, ...)
T3DD8 003:392.849   Data:  06 F0 C0 F8 50 46 06 F0 E3 F9 64 25 B6 E7 00 BF ...
T3DD8 003:392.870   completely In flash
T3DD8 003:392.878 - 0.048ms returns 0xBB0
T3DD8 003:393.307 JLINK_WriteMem(0x00001770, 0xBC0 Bytes, ...)
T3DD8 003:393.323   Data:  10 88 94 F9 1E 00 04 F0 CB F9 94 F9 1E 30 00 2B ...
T3DD8 003:393.338   completely In flash
T3DD8 003:393.354 - 0.047ms returns 0xBC0
T3DD8 003:393.667 JLINK_WriteMem(0x00002330, 0xBE0 Bytes, ...)
T3DD8 003:393.676   Data:  09 DB 5A 09 54 48 03 F0 1F 03 01 21 60 32 01 FA ...
T3DD8 003:393.689   completely In flash
T3DD8 003:393.696 - 0.029ms returns 0xBE0
T3DD8 003:393.994 JLINK_WriteMem(0x00002F10, 0xBC0 Bytes, ...)
T3DD8 003:394.005   Data:  F4 E7 02 2A D7 D1 03 2B 04 BF 94 F8 45 60 46 F0 ...
T3DD8 003:394.019   completely In flash
T3DD8 003:394.344 - 0.349ms returns 0xBC0
T3DD8 003:394.890 JLINK_WriteMem(0x00003AD0, 0xBA0 Bytes, ...)
T3DD8 003:394.906   Data:  0D 46 01 AA 21 78 98 47 9D F9 04 30 2B 74 10 B9 ...
T3DD8 003:394.917   completely In flash
T3DD8 003:394.924 - 0.035ms returns 0xBA0
T3DD8 003:395.777 JLINK_WriteMem(0x00004670, 0xBD0 Bytes, ...)
T3DD8 003:395.802   Data:  41 30 DB 07 4F F0 00 00 10 D4 10 BD 1A 68 94 F8 ...
T3DD8 003:395.814   completely In flash
T3DD8 003:395.822 - 0.045ms returns 0xBD0
T3DD8 003:396.395 JLINK_WriteMem(0x00005240, 0xBB0 Bytes, ...)
T3DD8 003:396.413   Data:  63 F3 04 02 87 F8 2B 20 00 20 00 F0 1D FD EF 69 ...
T3DD8 003:396.423   completely In flash
T3DD8 003:396.430 - 0.036ms returns 0xBB0
T3DD8 003:396.928 JLINK_WriteMem(0x00005DF0, 0xBB0 Bytes, ...)
T3DD8 003:396.942   Data:  37 49 38 48 38 4A 00 24 4F F4 25 45 9C 80 1D 80 ...
T3DD8 003:396.954   completely In flash
T3DD8 003:396.961 - 0.033ms returns 0xBB0
T3DD8 003:397.308 JLINK_WriteMem(0x000069A0, 0xBC0 Bytes, ...)
T3DD8 003:397.319   Data:  03 EB 42 03 E2 18 E3 5A 92 F9 01 60 C3 F3 09 03 ...
T3DD8 003:397.394   completely In flash
T3DD8 003:397.402 - 0.093ms returns 0xBC0
T3DD8 003:397.746 JLINK_WriteMem(0x00007560, 0xBA0 Bytes, ...)
T3DD8 003:397.762   Data:  38 B5 00 F0 D7 FC 00 F0 5B FF 0D 48 0D 49 0E 4A ...
T3DD8 003:397.775   completely In flash
T3DD8 003:397.791 - 0.045ms returns 0xBA0
T3DD8 003:398.216 JLINK_WriteMem(0x00008100, 0xBB0 Bytes, ...)
T3DD8 003:398.232   Data:  B3 B9 2B 49 2B 4B 1B 68 85 F3 10 88 09 68 99 42 ...
T3DD8 003:398.242   completely In flash
T3DD8 003:398.249 - 0.033ms returns 0xBB0
T3DD8 003:398.629 JLINK_WriteMem(0x00008CB0, 0xBA0 Bytes, ...)
T3DD8 003:398.644   Data:  8C F7 08 FB 16 E3 41 EA 03 43 06 FB 07 F1 99 42 ...
T3DD8 003:398.656   completely In flash
T3DD8 003:398.664 - 0.035ms returns 0xBA0
T3DD8 003:399.113 JLINK_WriteMem(0x00009850, 0xBA0 Bytes, ...)
T3DD8 003:399.130   Data:  23 68 5A 1C 22 60 1E 70 63 69 01 30 83 42 04 D0 ...
T3DD8 003:399.142   completely In flash
T3DD8 003:399.151 - 0.037ms returns 0xBA0
T3DD8 003:399.498 JLINK_WriteMem(0x0000A3F0, 0xBE0 Bytes, ...)
T3DD8 003:399.512   Data:  80 46 48 46 41 46 AB BE 80 46 40 46 FF F7 64 FE ...
T3DD8 003:399.523   completely In flash
T3DD8 003:399.530 - 0.032ms returns 0xBE0
T3DD8 003:399.753 JLINK_WriteMem(0x0000AFD0, 0x44C Bytes, ...)
T3DD8 003:399.765   Data:  00 00 FE 1F FF FF FF 1F 00 00 00 20 FF FF 03 20 ...
T3DD8 003:399.773   completely In flash
T3DD8 003:399.780 - 0.027ms returns 0x44C
T3DD8 003:400.016 JLINK_WriteMem(0x0000B41C, 0x8 Bytes, ...)
T3DD8 003:400.026   Data:  58 D8 FF 7F 01 00 00 00
T3DD8 003:400.034   completely In flash
T3DD8 003:400.040 - 0.024ms returns 0x8
T3DD8 003:400.574 JLINK_WriteMem(0x0000B424, 0x1A8 Bytes, ...)
T3DD8 003:400.594   Data:  00 00 00 00 F8 05 FE 1F 00 00 00 00 00 00 00 00 ...
T3DD8 003:400.604   completely In flash
T3DD8 003:400.612 - 0.038ms returns 0x1A8
T3DD8 003:400.829 JLINK_WriteMem(0x40120050, 0x10 Bytes, ...)
T3DD8 003:400.839   Data:  FF FF FF FF FF FF FF FF FF FF FF FF FF FF FF FF
T3DD8 003:401.386   completely In flash
T3DD8 003:401.408 - 0.579ms returns 0x10
T3DD8 003:402.296 JLINK_ReadMem(0x1FFE0B08, 0x4 Bytes, ...)
T3DD8 003:402.732   CPU_ReadMem(4 bytes @ 0xE000ED90)
T3DD8 003:403.337   CPU_ReadMem(4 bytes @ 0xE000ED94)
T3DD8 003:403.820    -- --------------------------------------
T3DD8 003:403.844    -- Start of determining flash info (Bank @ 0x40120040)
T3DD8 003:403.853    -- End of determining flash info
T3DD8 003:403.860    -- Start of determining dirty areas in flash cache
T3DD8 003:403.912    -- Filling invalid ranges in sector buffer (flash cache) for sector @ 0x40120040 if necessary
T3DD8 003:403.922    -- End of determining dirty areas
T3DD8 003:403.929    -- Start of preparing flash programming
T3DD8 003:403.938    -- Preparing RAMCode
T3DD8 003:403.944    -- Calculating RAM usage
T3DD8 003:403.952    -- RAM usage = 3912 Bytes
T3DD8 003:403.958    -- Preserving CPU registers
T3DD8 003:403.982    -- Preparing memory
T3DD8 003:403.989    -- Preparing target
T3DD8 003:403.996    -- Preserving target RAM temporarily used for programming
T3DD8 003:427.428    -- Downloading RAMCode
T3DD8 003:451.164    -- Initializing RAMCode (InitType: 3 = Verify)
T3DD8 003:451.193    -- Executing SEGGER_FL_Prepare(3)
T3DD8 003:456.370    -- SEGGER_FL_Prepare() changed clock speed to 120000000Hz
T3DD8 003:456.403    -- End of preparing flash programming
T3DD8 003:456.414    -- CPU is running at 120000 kHz.
T3DD8 003:456.421    -- Start of comparing flash
T3DD8 003:456.428    -- Flash algorithm supports a native verify function which is used to compare the flash content.
T3DD8 003:456.437    -- Comparing range 0x40120040 - 0x4012006F (1 Sector, 48 Bytes), using verify function of the RAMCode
T3DD8 003:457.866    -- Data matches for sector 0
T3DD8 003:457.891    -- End of comparing flash
T3DD8 003:457.900    -- Start of erasing sectors
T3DD8 003:457.907    -- End of erasing sectors
T3DD8 003:457.913    -- Start of flash programming
T3DD8 003:457.920    -- End of flash programming
T3DD8 003:457.926    -- Start of verifying flash
T3DD8 003:457.933    -- End of verifying flash
T3DD8 003:457.939    -- Start of restoring
T3DD8 003:457.947    -- Executing SEGGER_FL_Restore()
T3DD8 003:465.232    -- Restoring target memory
T3DD8 003:482.616    -- Restoring CPU registers
T3DD8 003:482.655    -- End of restoring
T3DD8 003:482.665    -- Bank 0 @ 0x40120040: Skipped. Contents already match
T3DD8 003:482.672    -- Bank 0 @ 0x40120040: Skipped. Contents already match
T3DD8 003:482.681    -- --------------------------------------
T3DD8 003:482.688    -- Flash bank @ 0x00000000: Default: L2 verify disabled because algorithm performs L1 verify
T3DD8 003:482.695    -- Start of determining dirty areas in flash cache
T3DD8 003:482.703    -- Filling invalid ranges in sector buffer (flash cache) for sector @ 0x00000000 if necessary
T3DD8 003:482.711    -- Filling invalid ranges in sector buffer (flash cache) for sector @ 0x00002000 if necessary
T3DD8 003:482.727    -- Filling invalid ranges in sector buffer (flash cache) for sector @ 0x00004000 if necessary
T3DD8 003:482.734    -- Filling invalid ranges in sector buffer (flash cache) for sector @ 0x00006000 if necessary
T3DD8 003:482.742    -- Filling invalid ranges in sector buffer (flash cache) for sector @ 0x00008000 if necessary
T3DD8 003:482.749    -- Filling invalid ranges in sector buffer (flash cache) for sector @ 0x0000A000 if necessary
T3DD8 003:483.471    -- End of determining dirty areas
T3DD8 003:483.486    -- Start of preparing flash programming
T3DD8 003:483.493    -- Calculating RAM usage
T3DD8 003:483.580    -- RAM usage = 4596 Bytes
T3DD8 003:483.588    -- Preserving CPU registers
T3DD8 003:483.606    -- Determining CPU clock frequency
T3DD8 003:517.664    -- Preparing target
T3DD8 003:519.203    -- Preserving target RAM temporarily used for programming
T3DD8 003:546.035    -- Downloading RAMCode
T3DD8 003:569.138    -- Preparing RAMCode
T3DD8 003:575.253    -- CPU frequency = 120000 kHz
T3DD8 003:575.281    -- End of preparing flash programming
T3DD8 003:575.290    -- CPU is running at 120000 kHz.
T3DD8 003:575.298    -- Start of comparing flash
T3DD8 003:575.306    -- CRC check was estimated as fastest method
T3DD8 003:575.314    -- Comparing range 0x0000 - 0xBFFF (6 Sectors, 48 KB), using multi-block CRC calculation
T3DD8 003:586.292    -- All CRCs match
T3DD8 003:586.519    -- Comparing range 0x0000 - 0xBFFF (6 Sectors, 48 KB), using alternative multi-block CRC calculation
T3DD8 003:597.424    -- All CRCs match
T3DD8 003:597.493    -- End of comparing flash
T3DD8 003:597.503    -- Start of erasing sectors
T3DD8 003:597.510    -- End of erasing sectors
T3DD8 003:597.516    -- Start of flash programming
T3DD8 003:597.522    -- End of flash programming
T3DD8 003:597.529    -- Start of restoring
T3DD8 003:597.536    -- Restoring RAMCode
T3DD8 003:600.918    -- Restoring target memory
T3DD8 003:621.522    -- Restore target
T3DD8 003:621.548    -- Restoring CPU registers
T3DD8 003:621.568    -- End of restoring
T3DD8 003:621.578    -- Bank 1 @ 0x00000000: Skipped. Contents already match
T3DD8 003:621.598    -- Bank 1 @ 0x00000000: Skipped. Contents already match
T3DD8 003:631.957   CPU_ReadMem(64 bytes @ 0x1FFE0B00)
T3DD8 003:633.272    -- Updating C cache (64 bytes @ 0x1FFE0B00)
T3DD8 003:633.387    -- Read from C cache (4 bytes @ 0x1FFE0B08)
T3DD8 003:633.399   Data:  00 00 00 00
T3DD8 003:633.407 - 231.111ms returns 0
T3DD8 003:648.960 JLINK_EndDownload()
T3DD8 003:649.100 - 0.138ms returns 0 (0x0)
T3DD8 003:649.257 JLINK_WriteReg(R15 (PC), 0x00005D8C)
T3DD8 003:649.266 - 0.009ms returns 0
T3DD8 003:649.272 JLINK_WriteReg(XPSR, 0x01000000)
T3DD8 003:649.276 - 0.005ms returns 0
T3DD8 003:649.286 JLINK_WriteMem(0x1FFE0B08, 0x4 Bytes, ...)
T3DD8 003:649.291   Data:  00 00 00 00
T3DD8 003:649.307   CPU_WriteMem(4 bytes @ 0x1FFE0B08)
T3DD8 003:649.691 - 0.404ms returns 0x4
T3DD8 003:650.361 JLINK_ResetPullsRESET(ON)
T3DD8 003:650.376 - 0.015ms
T3DD8 003:650.381 JLINK_Halt()
T3DD8 003:650.425 - 0.043ms returns 0x00
T3DD8 003:650.455 JLINK_IsHalted()
T3DD8 003:650.510 - 0.054ms returns TRUE
T3DD8 003:650.515 JLINK_Reset()
T3DD8 003:650.546   CPU_WriteMem(4 bytes @ 0xE000EDF0)
T3DD8 003:651.247   CPU_WriteMem(4 bytes @ 0xE000EDFC)
T3DD8 003:651.854   Reset: Halt core after reset via DEMCR.VC_CORERESET.
T3DD8 003:652.479   Reset: Reset device via AIRCR.SYSRESETREQ.
T3DD8 003:652.503   CPU_WriteMem(4 bytes @ 0xE000ED0C)
T3DD8 003:705.620   CPU_ReadMem(4 bytes @ 0xE000EDF0)
T3DD8 003:706.066   CPU_ReadMem(4 bytes @ 0xE000EDF0)
T3DD8 003:706.454   CPU_WriteMem(4 bytes @ 0xE000EDFC)
T3DD8 003:713.172   CPU_ReadMem(4 bytes @ 0xE000EDF0)
T3DD8 003:716.486   CPU_WriteMem(4 bytes @ 0xE0002000)
T3DD8 003:716.964   CPU_ReadMem(4 bytes @ 0xE000EDFC)
T3DD8 003:717.367   CPU_ReadMem(4 bytes @ 0xE0001000)
T3DD8 003:717.716 - 67.200ms
T3DD8 003:717.734 JLINK_SetEndian(ARM_ENDIAN_LITTLE)
T3DD8 003:717.739 - 0.005ms returns 0
T3DD8 003:717.812 JLINK_ReadMem(0x1FFE0B08, 0x4 Bytes, ...)
T3DD8 003:717.993   CPU_ReadMem(64 bytes @ 0x1FFE0B00)
T3DD8 003:718.702    -- Updating C cache (64 bytes @ 0x1FFE0B00)
T3DD8 003:718.712    -- Read from C cache (4 bytes @ 0x1FFE0B08)
T3DD8 003:718.719   Data:  00 00 00 00
T3DD8 003:718.725 - 0.913ms returns 0
T3DD8 003:744.379 JLINK_WriteMem(0x1FFE0B08, 0x4 Bytes, ...)
T3DD8 003:744.410   Data:  00 00 00 00
T3DD8 003:744.429   CPU_WriteMem(4 bytes @ 0x1FFE0B08)
T3DD8 003:744.801 - 0.422ms returns 0x4
T3DD8 003:746.657 JLINK_ReadMem(0x1FFE0B08, 0x4 Bytes, ...)
T3DD8 003:746.686   CPU_ReadMem(64 bytes @ 0x1FFE0B00)
T3DD8 003:747.388    -- Updating C cache (64 bytes @ 0x1FFE0B00)
T3DD8 003:747.405    -- Read from C cache (4 bytes @ 0x1FFE0B08)
T3DD8 003:747.412   Data:  00 00 00 00
T3DD8 003:747.419 - 0.762ms returns 0
T3DD8 003:747.462 JLINK_ReadReg(XPSR)
T3DD8 003:747.470 - 0.007ms returns 0x01000000
T3DD8 003:747.481 JLINK_ReadMem(0x1FFE0B08, 0x4 Bytes, ...)
T3DD8 003:747.488    -- Read from C cache (4 bytes @ 0x1FFE0B08)
T3DD8 003:747.494   Data:  00 00 00 00
T3DD8 003:747.500 - 0.019ms returns 0
T3DD8 003:748.859 JLINK_ReadMem(0x00005D8C, 0x4 Bytes, ...)
T3DD8 003:748.894    -- Read from flash cache (4 bytes @ 0x00005D8C)
T3DD8 003:748.902   Data:  08 B5 00 F0
T3DD8 003:748.909 - 0.051ms returns 0
T3DD8 003:753.422 JLINK_ReadMem(0x1FFE0B08, 0x4 Bytes, ...)
T3DD8 003:753.447    -- Read from C cache (4 bytes @ 0x1FFE0B08)
T3DD8 003:753.454   Data:  00 00 00 00
T3DD8 003:753.462 - 0.040ms returns 0
T3DD8 003:753.500 JLINK_ReadReg(XPSR)
T3DD8 003:753.519 - 0.017ms returns 0x01000000
T3DD8 003:753.529 JLINK_ReadMem(0x1FFE0B08, 0x4 Bytes, ...)
T3DD8 003:753.535    -- Read from C cache (4 bytes @ 0x1FFE0B08)
T3DD8 003:753.541   Data:  00 00 00 00
T3DD8 003:753.591 - 0.061ms returns 0
T3DD8 003:755.552 JLINK_ReadMem(0x00005D8C, 0x4 Bytes, ...)
T3DD8 003:755.586    -- Read from flash cache (4 bytes @ 0x00005D8C)
T3DD8 003:755.593   Data:  08 B5 00 F0
T3DD8 003:755.600 - 0.048ms returns 0
T3DD8 004:363.505 JLINK_GetNumBPUnits(Type = 0xFFFFFF00)
T3DD8 004:363.529 - 0.025ms returns 0x06
T3DD8 004:363.535 JLINK_GetNumWPUnits()
T3DD8 004:363.539 - 0.004ms returns 4
T3DD8 004:363.544 JLINK_GetNumWPUnits()
T3DD8 004:363.548 - 0.004ms returns 4
T3DD8 004:363.557 JLINK_GetNumBPUnits(Type = 0xFFFFFF00)
T3DD8 004:363.562 - 0.004ms returns 0x06
T3DD8 004:363.566 JLINK_GetNumWPUnits()
T3DD8 004:363.570 - 0.003ms returns 4
T3DD8 004:363.575 JLINK_GetNumWPUnits()
T3DD8 004:363.579 - 0.004ms returns 4
T3DD8 004:363.586 JLINK_GetNumBPUnits(Type = 0xFFFFFF00)
T3DD8 004:363.591 - 0.004ms returns 0x06
T3DD8 004:363.596 JLINK_GetNumWPUnits()
T3DD8 004:363.600 - 0.003ms returns 4
T3DD8 004:363.604 JLINK_GetNumWPUnits()
T3DD8 004:363.608 - 0.003ms returns 4
T3DD8 004:363.646 JLINK_SetBPEx(Addr = 0x00006264, Type = 0xFFFFFF00)
T3DD8 004:363.655 - 0.009ms returns 0x00000001
T3DD8 004:363.663 JLINK_ClrBPEx(BPHandle = 0x00000001)
T3DD8 004:364.021 - 0.357ms returns 0x00
T3DD8 004:369.231 JLINK_ReadMem(0x00006264, 0x2 Bytes, ...)
T3DD8 004:369.254    -- Read from flash cache (2 bytes @ 0x00006264)
T3DD8 004:369.261   Data:  08 B5
T3DD8 004:369.268 - 0.037ms returns 0
T3DD8 004:369.573 JLINK_SetBPEx(Addr = 0x00006264, Type = 0xFFFFFF00)
T3DD8 004:369.591 - 0.017ms returns 0x00000002
T3DD8 004:381.281 JLINK_ReadMem(0x1FFE0B08, 0x4 Bytes, ...)
T3DD8 004:381.312    -- Read from C cache (4 bytes @ 0x1FFE0B08)
T3DD8 004:381.319   Data:  00 00 00 00
T3DD8 004:381.327 - 0.047ms returns 0
T3DD8 004:381.911 JLINK_ReadMem(0x1FFE0B08, 0x4 Bytes, ...)
T3DD8 004:381.943    -- Read from C cache (4 bytes @ 0x1FFE0B08)
T3DD8 004:381.951   Data:  00 00 00 00
T3DD8 004:381.959 - 0.048ms returns 0
T3DD8 004:381.993 JLINK_ReadRegs(NumRegs = 20, Indexes: 0, 1, 2, 3, 4, 5, 6, 7, 8, 9, 10, 11, 12, 13, 14, 15, 16, 17, 18, 20)
T3DD8 004:382.010    -- R0=0x1FFE0964, R1=0x00, R2=0x00, R3=0x4001E0A0, R4=0x1FFE0964, R5=0x1FFE0984, R6=0x1FFE0984, R7=0x00, R8=0x00, R9=0x00, R10=0x1FFEA910, R11=0x00, R12=0x1FFE08E8, R13 (SP)=0x1FFEA510, R14=0xFFFFFFFF, R15 (PC)=0x5D8C, XPSR=0x1000000, MSP=0x1FFEA510, PSP=0x1FFEACC8, CFBP=0x00
T3DD8 004:382.034 - 0.040ms returns 0x00
T3DD8 004:382.757 JLINK_ReadMem(0x1FFE0B08, 0x4 Bytes, ...)
T3DD8 004:382.790    -- Read from C cache (4 bytes @ 0x1FFE0B08)
T3DD8 004:382.798   Data:  00 00 00 00
T3DD8 004:382.805 - 0.049ms returns 0
T3DD8 004:382.996 JLINK_ReadReg(XPSR)
T3DD8 004:383.011 - 0.015ms returns 0x01000000
T3DD8 004:383.024 JLINK_ReadMem(0x1FFE0B08, 0x4 Bytes, ...)
T3DD8 004:383.031    -- Read from C cache (4 bytes @ 0x1FFE0B08)
T3DD8 004:383.038   Data:  00 00 00 00
T3DD8 004:383.055 - 0.031ms returns 0
T3DD8 004:383.738 JLINK_ReadMem(0x00005D8C, 0x4 Bytes, ...)
T3DD8 004:383.763    -- Read from flash cache (4 bytes @ 0x00005D8C)
T3DD8 004:383.789   Data:  08 B5 00 F0
T3DD8 004:383.796 - 0.059ms returns 0
T42C0 004:410.369 JLINK_GetNumBPUnits(Type = 0xFFFFFF00)
T42C0 004:410.390 - 0.020ms returns 0x06
T42C0 004:410.395 JLINK_GetNumWPUnits()
T42C0 004:410.400 - 0.004ms returns 4
T42C0 004:410.405 JLINK_GetNumWPUnits()
T42C0 004:410.409 - 0.004ms returns 4
T42C0 004:410.658 JLINK_GetNumBPUnits(Type = 0xFFFFFF00)
T42C0 004:410.675 - 0.017ms returns 0x06
T42C0 004:410.680 JLINK_GetNumWPUnits()
T42C0 004:410.685 - 0.004ms returns 4
T42C0 004:410.689 JLINK_GetNumWPUnits()
T42C0 004:410.694 - 0.004ms returns 4
T42C0 004:411.247 JLINK_GetNumBPUnits(Type = 0xFFFFFF00)
T42C0 004:411.266 - 0.019ms returns 0x06
T42C0 004:411.272 JLINK_GetNumWPUnits()
T42C0 004:411.276 - 0.004ms returns 4
T42C0 004:411.281 JLINK_GetNumWPUnits()
T42C0 004:411.297 - 0.015ms returns 4
T42C0 004:414.827 JLINK_GetNumBPUnits(Type = 0xFFFFFF00)
T42C0 004:414.854 - 0.027ms returns 0x06
T42C0 004:414.861 JLINK_GetNumWPUnits()
T42C0 004:414.865 - 0.004ms returns 4
T42C0 004:414.870 JLINK_GetNumWPUnits()
T42C0 004:414.874 - 0.004ms returns 4
T42C0 004:415.537 JLINK_GetNumBPUnits(Type = 0xFFFFFF00)
T42C0 004:415.596 - 0.058ms returns 0x06
T42C0 004:415.602 JLINK_GetNumWPUnits()
T42C0 004:415.607 - 0.004ms returns 4
T42C0 004:415.611 JLINK_GetNumWPUnits()
T42C0 004:415.615 - 0.004ms returns 4
T42C0 004:416.076 JLINK_GetNumBPUnits(Type = 0xFFFFFF00)
T42C0 004:416.096 - 0.021ms returns 0x06
T42C0 004:416.101 JLINK_GetNumWPUnits()
T42C0 004:416.105 - 0.004ms returns 4
T42C0 004:416.110 JLINK_GetNumWPUnits()
T42C0 004:416.114 - 0.004ms returns 4
T42C0 004:416.421 JLINK_GetNumBPUnits(Type = 0xFFFFFF00)
T42C0 004:416.438 - 0.017ms returns 0x06
T42C0 004:416.443 JLINK_GetNumWPUnits()
T42C0 004:416.448 - 0.004ms returns 4
T42C0 004:416.452 JLINK_GetNumWPUnits()
T42C0 004:416.457 - 0.004ms returns 4
T42C0 004:416.758 JLINK_GetNumBPUnits(Type = 0xFFFFFF00)
T42C0 004:416.773 - 0.015ms returns 0x06
T42C0 004:416.779 JLINK_GetNumWPUnits()
T42C0 004:416.783 - 0.004ms returns 4
T42C0 004:416.788 JLINK_GetNumWPUnits()
T42C0 004:416.792 - 0.004ms returns 4
T3DD8 005:263.841 JLINK_ReadMem(0x00005D8C, 0x4 Bytes, ...)
T3DD8 005:263.869    -- Read from flash cache (4 bytes @ 0x00005D8C)
T3DD8 005:263.876   Data:  08 B5 00 F0
T3DD8 005:263.883 - 0.043ms returns 0
T3DD8 005:295.257 JLINK_ReadMem(0x1FFE0B08, 0x4 Bytes, ...)
T3DD8 005:295.286    -- Read from C cache (4 bytes @ 0x1FFE0B08)
T3DD8 005:295.293   Data:  00 00 00 00
T3DD8 005:295.301 - 0.044ms returns 0
T3DD8 005:295.341 JLINK_ReadReg(XPSR)
T3DD8 005:295.701 - 0.359ms returns 0x01000000
T3DD8 005:295.730 JLINK_ReadMem(0x1FFE0B08, 0x4 Bytes, ...)
T3DD8 005:295.738    -- Read from C cache (4 bytes @ 0x1FFE0B08)
T3DD8 005:295.745   Data:  00 00 00 00
T3DD8 005:295.751 - 0.021ms returns 0
T3DD8 005:298.341 JLINK_ReadMem(0x1FFE0B08, 0x4 Bytes, ...)
T3DD8 005:298.371    -- Read from C cache (4 bytes @ 0x1FFE0B08)
T3DD8 005:298.378   Data:  00 00 00 00
T3DD8 005:298.385 - 0.044ms returns 0
T3DD8 005:298.429 JLINK_ReadReg(XPSR)
T3DD8 005:298.439 - 0.010ms returns 0x01000000
T3DD8 005:298.449 JLINK_ReadMem(0x1FFE0B08, 0x4 Bytes, ...)
T3DD8 005:298.455    -- Read from C cache (4 bytes @ 0x1FFE0B08)
T3DD8 005:298.461   Data:  00 00 00 00
T3DD8 005:298.467 - 0.018ms returns 0
T3DD8 007:571.164 JLINK_ReadMem(0x1FFE0B08, 0x4 Bytes, ...)
T3DD8 007:571.196    -- Read from C cache (4 bytes @ 0x1FFE0B08)
T3DD8 007:571.203   Data:  00 00 00 00
T3DD8 007:571.210 - 0.047ms returns 0
T3DD8 007:571.237 JLINK_STRACE_Read(..., NumItems = 0x10000)
T3DD8 007:571.463 - 0.225ms NumItemsRead = 0x00
T3DD8 007:571.483 JLINK_IsHalted()
T3DD8 007:573.520 - 2.034ms returns TRUE
T3DD8 007:573.542 JLINK_STRACE_Read(..., NumItems = 0x10000)
T3DD8 007:573.549 - 0.007ms NumItemsRead = 0x00
T3DD8 007:573.590 JLINK_GoEx(MaxEmulInsts = 0, Flags = 0x01)
T3DD8 007:573.608   CPU_WriteMem(4 bytes @ 0xE0002000)
T3DD8 007:574.145   CPU_ReadMem(4 bytes @ 0xE0001000)
T3DD8 007:574.592   CPU_WriteMem(4 bytes @ 0xE0002008)
T3DD8 007:574.625   CPU_WriteMem(4 bytes @ 0xE000200C)
T3DD8 007:574.631   CPU_WriteMem(4 bytes @ 0xE0002010)
T3DD8 007:574.637   CPU_WriteMem(4 bytes @ 0xE0002014)
T3DD8 007:574.643   CPU_WriteMem(4 bytes @ 0xE0002018)
T3DD8 007:574.649   CPU_WriteMem(4 bytes @ 0xE000201C)
T3DD8 007:575.975   CPU_WriteMem(4 bytes @ 0xE0001004)
T3DD8 007:576.952   Memory map 'after startup completion point' is active
T3DD8 007:576.969 - 3.379ms
T3DD8 007:682.869 JLINK_IsHalted()
T3DD8 007:685.483 - 2.615ms returns TRUE
T3DD8 007:685.501 JLINK_ReadReg(XPSR)
T3DD8 007:685.509 - 0.006ms returns 0xA1000000
T3DD8 007:685.513 JLINK_ReadReg(R15 (PC))
T3DD8 007:685.518 - 0.004ms returns 0x00006264
T3DD8 007:685.524 JLINK_ReadReg(XPSR)
T3DD8 007:685.529 - 0.004ms returns 0xA1000000
T3DD8 007:685.537 JLINK_ReadReg(XPSR)
T3DD8 007:685.544 - 0.006ms returns 0xA1000000
T3DD8 007:685.549 JLINK_ReadReg(R15 (PC))
T3DD8 007:685.553 - 0.004ms returns 0x00006264
T3DD8 007:685.558 JLINK_ReadReg(XPSR)
T3DD8 007:685.562 - 0.004ms returns 0xA1000000
T3DD8 007:685.567 JLINK_ReadReg(XPSR)
T3DD8 007:685.571 - 0.004ms returns 0xA1000000
T3DD8 007:685.578 JLINK_ReadMem(0x00006264, 0x1 Bytes, ...)
T3DD8 007:685.597    -- Read from flash cache (1 bytes @ 0x00006264)
T3DD8 007:685.616   Data:  08
T3DD8 007:685.622 - 0.043ms returns 0
T3DD8 007:685.628 JLINK_IsHalted()
T3DD8 007:685.632 - 0.004ms returns TRUE
T3DD8 007:685.637 JLINK_ReadReg(XPSR)
T3DD8 007:685.641 - 0.004ms returns 0xA1000000
T3DD8 007:685.646 JLINK_ReadReg(XPSR)
T3DD8 007:685.650 - 0.004ms returns 0xA1000000
T3DD8 007:685.655 JLINK_ReadReg(R15 (PC))
T3DD8 007:685.659 - 0.004ms returns 0x00006264
T3DD8 007:685.695 JLINK_ReadReg(XPSR)
T3DD8 007:685.701 - 0.005ms returns 0xA1000000
T3DD8 007:685.706 JLINK_ReadReg(XPSR)
T3DD8 007:685.710 - 0.004ms returns 0xA1000000
T3DD8 007:685.715 JLINK_ReadMem(0x00006264, 0x1 Bytes, ...)
T3DD8 007:685.720    -- Read from flash cache (1 bytes @ 0x00006264)
T3DD8 007:685.725   Data:  08
T3DD8 007:685.731 - 0.016ms returns 0
T3DD8 007:685.777 JLINK_IsHalted()
T3DD8 007:685.783 - 0.006ms returns TRUE
T3DD8 007:685.789 JLINK_ReadReg(XPSR)
T3DD8 007:685.793 - 0.004ms returns 0xA1000000
T3DD8 007:685.797 JLINK_ReadReg(R15 (PC))
T3DD8 007:685.801 - 0.004ms returns 0x00006264
T3DD8 007:685.807 JLINK_ReadReg(XPSR)
T3DD8 007:685.811 - 0.004ms returns 0xA1000000
T3DD8 007:685.816 JLINK_ReadReg(XPSR)
T3DD8 007:685.820 - 0.004ms returns 0xA1000000
T3DD8 007:685.825 JLINK_ReadReg(R15 (PC))
T3DD8 007:685.829 - 0.004ms returns 0x00006264
T3DD8 007:685.833 JLINK_ReadReg(XPSR)
T3DD8 007:685.837 - 0.004ms returns 0xA1000000
T3DD8 007:685.842 JLINK_ReadReg(XPSR)
T3DD8 007:685.846 - 0.004ms returns 0xA1000000
T3DD8 007:685.851 JLINK_ReadMem(0x00006264, 0x1 Bytes, ...)
T3DD8 007:685.856    -- Read from flash cache (1 bytes @ 0x00006264)
T3DD8 007:685.861   Data:  08
T3DD8 007:685.868 - 0.016ms returns 0
T3DD8 007:685.872 JLINK_IsHalted()
T3DD8 007:685.877 - 0.004ms returns TRUE
T3DD8 007:685.881 JLINK_ReadReg(XPSR)
T3DD8 007:685.885 - 0.004ms returns 0xA1000000
T3DD8 007:685.889 JLINK_ReadReg(XPSR)
T3DD8 007:685.894 - 0.004ms returns 0xA1000000
T3DD8 007:685.898 JLINK_ReadReg(R15 (PC))
T3DD8 007:685.903 - 0.004ms returns 0x00006264
T3DD8 007:685.908 JLINK_ReadReg(XPSR)
T3DD8 007:685.912 - 0.004ms returns 0xA1000000
T3DD8 007:685.917 JLINK_ReadReg(XPSR)
T3DD8 007:685.921 - 0.004ms returns 0xA1000000
T3DD8 007:685.925 JLINK_ReadMem(0x00006264, 0x1 Bytes, ...)
T3DD8 007:685.929    -- Read from flash cache (1 bytes @ 0x00006264)
T3DD8 007:685.935   Data:  08
T3DD8 007:685.941 - 0.015ms returns 0
T3DD8 007:685.950 JLINK_ReadMem(0x1FFE0B08, 0x4 Bytes, ...)
T3DD8 007:685.959   CPU_ReadMem(64 bytes @ 0x1FFE0B00)
T3DD8 007:686.700    -- Updating C cache (64 bytes @ 0x1FFE0B00)
T3DD8 007:686.713    -- Read from C cache (4 bytes @ 0x1FFE0B08)
T3DD8 007:686.720   Data:  00 00 00 00
T3DD8 007:686.726 - 0.775ms returns 0
T3DD8 007:687.223 JLINK_ReadMem(0x1FFE0B08, 0x4 Bytes, ...)
T3DD8 007:687.245    -- Read from C cache (4 bytes @ 0x1FFE0B08)
T3DD8 007:687.252   Data:  00 00 00 00
T3DD8 007:687.270 - 0.047ms returns 0
T3DD8 007:687.317 JLINK_ReadRegs(NumRegs = 20, Indexes: 0, 1, 2, 3, 4, 5, 6, 7, 8, 9, 10, 11, 12, 13, 14, 15, 16, 17, 18, 20)
T3DD8 007:687.329    -- R0=0x60000000, R1=0xFFF, R2=0x64000000, R3=0x4001E0A0, R4=0x1FFE0964, R5=0x1FFE0984, R6=0x1FFE0984, R7=0x00, R8=0x00, R9=0x00, R10=0x1FFEA910, R11=0x00, R12=0x20, R13 (SP)=0x1FFEA508, R14=0x5D97, R15 (PC)=0x6264, XPSR=0xA1000000, MSP=0x1FFEA508, PSP=0x1FFEACC8, CFBP=0x4000000
T3DD8 007:687.348 - 0.031ms returns 0x00
T3DD8 007:687.795 JLINK_ReadMem(0x1FFE0B08, 0x4 Bytes, ...)
T3DD8 007:687.812    -- Read from C cache (4 bytes @ 0x1FFE0B08)
T3DD8 007:687.819   Data:  00 00 00 00
T3DD8 007:687.825 - 0.030ms returns 0
T3DD8 007:687.864 JLINK_ReadReg(XPSR)
T3DD8 007:687.875 - 0.010ms returns 0xA1000000
T3DD8 007:687.885 JLINK_ReadMem(0x1FFE0B08, 0x4 Bytes, ...)
T3DD8 007:687.891    -- Read from C cache (4 bytes @ 0x1FFE0B08)
T3DD8 007:687.897   Data:  00 00 00 00
T3DD8 007:687.903 - 0.018ms returns 0
T3DD8 007:688.494 JLINK_ReadMem(0x00006264, 0x4 Bytes, ...)
T3DD8 007:688.507    -- Read from flash cache (4 bytes @ 0x00006264)
T3DD8 007:688.513   Data:  08 B5 72 B6
T3DD8 007:688.520 - 0.025ms returns 0
T3DD8 007:689.627 JLINK_ClrBPEx(BPHandle = 0x00000002)
T3DD8 007:689.649 - 0.022ms returns 0x00
T3DD8 007:711.291 JLINK_ReadMem(0x00006264, 0x4 Bytes, ...)
T3DD8 007:711.318    -- Read from flash cache (4 bytes @ 0x00006264)
T3DD8 007:711.326   Data:  08 B5 72 B6
T3DD8 007:711.350 - 0.059ms returns 0
T3DD8 007:867.077 JLINK_ReadMem(0x1FFE0B08, 0x4 Bytes, ...)
T3DD8 007:867.173    -- Read from C cache (4 bytes @ 0x1FFE0B08)
T3DD8 007:867.180   Data:  00 00 00 00
T3DD8 007:867.187 - 0.111ms returns 0
T3DD8 007:867.230 JLINK_ReadReg(XPSR)
T3DD8 007:867.240 - 0.009ms returns 0xA1000000
T3DD8 007:867.250 JLINK_ReadMem(0x1FFE0B08, 0x4 Bytes, ...)
T3DD8 007:867.256    -- Read from C cache (4 bytes @ 0x1FFE0B08)
T3DD8 007:867.262   Data:  00 00 00 00
T3DD8 007:867.269 - 0.018ms returns 0
T3DD8 007:868.041 JLINK_ReadMem(0x1FFE0B08, 0x4 Bytes, ...)
T3DD8 007:868.205    -- Read from C cache (4 bytes @ 0x1FFE0B08)
T3DD8 007:868.213   Data:  00 00 00 00
T3DD8 007:868.219 - 0.178ms returns 0
T3DD8 007:868.260 JLINK_ReadReg(XPSR)
T3DD8 007:868.269 - 0.009ms returns 0xA1000000
T3DD8 007:868.280 JLINK_ReadMem(0x1FFE0B08, 0x4 Bytes, ...)
T3DD8 007:868.286    -- Read from C cache (4 bytes @ 0x1FFE0B08)
T3DD8 007:868.292   Data:  00 00 00 00
T3DD8 007:868.298 - 0.018ms returns 0
T42C0 008:691.984 JLINK_IsHalted()
T42C0 008:692.554 - 0.569ms returns TRUE
T42C0 008:692.566 JLINK_ReadReg(XPSR)
T42C0 008:692.573 - 0.006ms returns 0xA1000000
T42C0 008:692.578 JLINK_ReadReg(R15 (PC))
T42C0 008:692.582 - 0.004ms returns 0x00006264
T42C0 008:692.588 JLINK_ReadReg(XPSR)
T42C0 008:692.593 - 0.004ms returns 0xA1000000
T42C0 008:692.597 JLINK_ReadReg(XPSR)
T42C0 008:692.602 - 0.004ms returns 0xA1000000
T42C0 008:692.606 JLINK_ReadReg(R15 (PC))
T42C0 008:692.610 - 0.004ms returns 0x00006264
T42C0 008:692.615 JLINK_ReadReg(XPSR)
T42C0 008:692.619 - 0.004ms returns 0xA1000000
T42C0 008:692.624 JLINK_ReadReg(XPSR)
T42C0 008:692.629 - 0.004ms returns 0xA1000000
T42C0 008:692.634 JLINK_ReadMem(0x00006264, 0x1 Bytes, ...)
T42C0 008:692.641    -- Read from flash cache (1 bytes @ 0x00006264)
T42C0 008:692.647   Data:  08
T42C0 008:692.653 - 0.019ms returns 0
T42C0 008:692.658 JLINK_IsHalted()
T42C0 008:692.662 - 0.004ms returns TRUE
T42C0 008:692.667 JLINK_ReadReg(XPSR)
T42C0 008:692.672 - 0.004ms returns 0xA1000000
T42C0 008:692.676 JLINK_ReadReg(XPSR)
T42C0 008:692.680 - 0.004ms returns 0xA1000000
T42C0 008:692.685 JLINK_ReadReg(R15 (PC))
T42C0 008:692.690 - 0.004ms returns 0x00006264
T42C0 008:692.694 JLINK_ReadReg(XPSR)
T42C0 008:692.698 - 0.004ms returns 0xA1000000
T42C0 008:692.702 JLINK_ReadReg(XPSR)
T42C0 008:692.707 - 0.004ms returns 0xA1000000
T42C0 008:692.712 JLINK_ReadMem(0x00006264, 0x1 Bytes, ...)
T42C0 008:692.716    -- Read from flash cache (1 bytes @ 0x00006264)
T42C0 008:692.722   Data:  08
T42C0 008:692.728 - 0.016ms returns 0
T42C0 008:692.758 JLINK_ReadMem(0xE0001000, 0x4 Bytes, ...)
T42C0 008:692.810   CPU_ReadMem(4 bytes @ 0xE0001000)
T42C0 008:693.164   Data:  01 00 00 40
T42C0 008:693.173   Debug reg: DWT_CTRL
T42C0 008:693.178 - 0.421ms returns 0
T42C0 008:693.190 JLINK_WriteMem(0xE0001FB0, 0x8 Bytes, ...)
T42C0 008:693.194   Data:  00 00 00 00 55 CE AC C5
T42C0 008:693.506   CPU_WriteMem(8 bytes @ 0xE0001FB0)
T42C0 008:694.005 - 0.814ms returns 0x8
T42C0 008:694.017 JLINK_ReadMem(0xE000EDFC, 0x4 Bytes, ...)
T42C0 008:694.024   CPU_ReadMem(4 bytes @ 0xE000EDFC)
T42C0 008:694.353   Data:  00 00 00 01
T42C0 008:694.362   Debug reg: DEMCR
T42C0 008:694.368 - 0.351ms returns 0
T42C0 008:694.382 JLINK_WriteMem(0xE0001004, 0x8 Bytes, ...)
T42C0 008:694.389   Data:  00 00 00 00 00 00 00 00
T42C0 008:694.398   CPU_WriteMem(8 bytes @ 0xE0001004)
T42C0 008:694.810 - 0.428ms returns 0x8
T42C0 008:694.822 JLINK_ReadMem(0xE0001004, 0x4 Bytes, ...)
T42C0 008:694.830   CPU_ReadMem(4 bytes @ 0xE0001004)
T42C0 008:695.162   Data:  00 00 00 00
T42C0 008:695.170   Debug reg: DWT_CYCCNT
T42C0 008:695.176 - 0.353ms returns 0
T3DD8 010:962.774 JLINK_ReadMem(0x1FFE0B08, 0x4 Bytes, ...)
T3DD8 010:962.804    -- Read from C cache (4 bytes @ 0x1FFE0B08)
T3DD8 010:962.811   Data:  00 00 00 00
T3DD8 010:962.818 - 0.045ms returns 0
T3DD8 010:962.836 JLINK_STRACE_Read(..., NumItems = 0x10000)
T3DD8 010:962.846 - 0.010ms NumItemsRead = 0x00
T3DD8 010:962.856 JLINK_ReadMem(0xE0001004, 0x4 Bytes, ...)
T3DD8 010:962.866   Data:  00 00 00 00
T3DD8 010:962.873   Debug reg: DWT_CYCCNT
T3DD8 010:962.879 - 0.022ms returns 0
T3DD8 010:962.886 JLINK_IsHalted()
T3DD8 010:963.440 - 0.553ms returns TRUE
T3DD8 010:963.465 JLINK_STRACE_Read(..., NumItems = 0x10000)
T3DD8 010:963.471 - 0.006ms NumItemsRead = 0x00
T3DD8 010:963.480 JLINK_ReadMem(0xE0001004, 0x4 Bytes, ...)
T3DD8 010:963.492   Data:  00 00 00 00
T3DD8 010:963.498   Debug reg: DWT_CYCCNT
T3DD8 010:963.504 - 0.024ms returns 0
T3DD8 010:963.510 JLINK_GoEx(MaxEmulInsts = 0, Flags = 0x01)
T3DD8 010:963.522   CPU_ReadMem(4 bytes @ 0xE0001000)
T3DD8 010:964.006   CPU_WriteMem(4 bytes @ 0xE0002008)
T3DD8 010:965.957 - 2.446ms
T3DD8 011:072.849 JLINK_IsHalted()
T3DD8 011:075.621 - 2.771ms returns TRUE
T3DD8 011:075.637 JLINK_ReadReg(XPSR)
T3DD8 011:075.643 - 0.006ms returns 0x61000000
T3DD8 011:075.649 JLINK_ReadReg(R15 (PC))
T3DD8 011:075.653 - 0.004ms returns 0x00006270
T3DD8 011:075.659 JLINK_ReadReg(XPSR)
T3DD8 011:075.664 - 0.004ms returns 0x61000000
T3DD8 011:075.669 JLINK_ReadReg(XPSR)
T3DD8 011:075.673 - 0.004ms returns 0x61000000
T3DD8 011:075.677 JLINK_ReadReg(R15 (PC))
T3DD8 011:075.682 - 0.004ms returns 0x00006270
T3DD8 011:075.686 JLINK_ReadReg(XPSR)
T3DD8 011:075.690 - 0.004ms returns 0x61000000
T3DD8 011:075.694 JLINK_ReadReg(XPSR)
T3DD8 011:075.699 - 0.003ms returns 0x61000000
T3DD8 011:075.704 JLINK_ReadMem(0x00006270, 0x1 Bytes, ...)
T3DD8 011:075.710    -- Read from flash cache (1 bytes @ 0x00006270)
T3DD8 011:075.717   Data:  00
T3DD8 011:075.722 - 0.018ms returns 0
T3DD8 011:075.727 JLINK_IsHalted()
T3DD8 011:075.731 - 0.003ms returns TRUE
T3DD8 011:075.736 JLINK_ReadReg(XPSR)
T3DD8 011:075.812 - 0.075ms returns 0x61000000
T3DD8 011:075.819 JLINK_ReadReg(XPSR)
T3DD8 011:075.836 - 0.016ms returns 0x61000000
T3DD8 011:075.841 JLINK_ReadReg(R15 (PC))
T3DD8 011:075.845 - 0.004ms returns 0x00006270
T3DD8 011:075.850 JLINK_ReadReg(XPSR)
T3DD8 011:075.854 - 0.004ms returns 0x61000000
T3DD8 011:075.871 JLINK_ReadReg(XPSR)
T3DD8 011:075.875 - 0.004ms returns 0x61000000
T3DD8 011:075.880 JLINK_ReadMem(0x00006270, 0x1 Bytes, ...)
T3DD8 011:075.885    -- Read from flash cache (1 bytes @ 0x00006270)
T3DD8 011:075.890   Data:  00
T3DD8 011:075.908 - 0.027ms returns 0
T3DD8 011:075.956 JLINK_IsHalted()
T3DD8 011:075.962 - 0.006ms returns TRUE
T3DD8 011:075.967 JLINK_ReadReg(XPSR)
T3DD8 011:075.971 - 0.004ms returns 0x61000000
T3DD8 011:075.976 JLINK_ReadReg(R15 (PC))
T3DD8 011:075.981 - 0.004ms returns 0x00006270
T3DD8 011:075.986 JLINK_ReadReg(XPSR)
T3DD8 011:075.990 - 0.004ms returns 0x61000000
T3DD8 011:075.994 JLINK_ReadReg(XPSR)
T3DD8 011:075.998 - 0.004ms returns 0x61000000
T3DD8 011:076.002 JLINK_ReadReg(R15 (PC))
T3DD8 011:076.006 - 0.003ms returns 0x00006270
T3DD8 011:076.011 JLINK_ReadReg(XPSR)
T3DD8 011:076.016 - 0.004ms returns 0x61000000
T3DD8 011:076.020 JLINK_ReadReg(XPSR)
T3DD8 011:076.024 - 0.004ms returns 0x61000000
T3DD8 011:076.029 JLINK_ReadMem(0x00006270, 0x1 Bytes, ...)
T3DD8 011:076.034    -- Read from flash cache (1 bytes @ 0x00006270)
T3DD8 011:076.039   Data:  00
T3DD8 011:076.045 - 0.016ms returns 0
T3DD8 011:076.050 JLINK_IsHalted()
T3DD8 011:076.054 - 0.003ms returns TRUE
T3DD8 011:076.065 JLINK_ReadReg(XPSR)
T3DD8 011:076.070 - 0.004ms returns 0x61000000
T3DD8 011:076.074 JLINK_ReadReg(XPSR)
T3DD8 011:076.078 - 0.004ms returns 0x61000000
T3DD8 011:076.082 JLINK_ReadReg(R15 (PC))
T3DD8 011:076.086 - 0.004ms returns 0x00006270
T3DD8 011:076.091 JLINK_ReadReg(XPSR)
T3DD8 011:076.095 - 0.004ms returns 0x61000000
T3DD8 011:076.100 JLINK_ReadReg(XPSR)
T3DD8 011:076.104 - 0.004ms returns 0x61000000
T3DD8 011:076.109 JLINK_ReadMem(0x00006270, 0x1 Bytes, ...)
T3DD8 011:076.113    -- Read from flash cache (1 bytes @ 0x00006270)
T3DD8 011:076.118   Data:  00
T3DD8 011:076.124 - 0.015ms returns 0
T3DD8 011:076.133 JLINK_ReadMem(0x1FFE0B08, 0x4 Bytes, ...)
T3DD8 011:076.142   CPU_ReadMem(64 bytes @ 0x1FFE0B00)
T3DD8 011:076.905    -- Updating C cache (64 bytes @ 0x1FFE0B00)
T3DD8 011:076.927    -- Read from C cache (4 bytes @ 0x1FFE0B08)
T3DD8 011:076.933   Data:  02 00 00 00
T3DD8 011:076.939 - 0.806ms returns 0
T3DD8 011:076.948 JLINK_ReadMem(0x1FFE0B08, 0x4 Bytes, ...)
T3DD8 011:076.954    -- Read from C cache (4 bytes @ 0x1FFE0B08)
T3DD8 011:076.959   Data:  02 00 00 00
T3DD8 011:076.965 - 0.017ms returns 0
T3DD8 011:076.972 JLINK_ReadMem(0x1FFE0B08, 0x4 Bytes, ...)
T3DD8 011:076.977    -- Read from C cache (4 bytes @ 0x1FFE0B08)
T3DD8 011:076.982   Data:  02 00 00 00
T3DD8 011:076.988 - 0.016ms returns 0
T3DD8 011:076.993 JLINK_ReadMem(0x1FFE0B08, 0x4 Bytes, ...)
T3DD8 011:076.998    -- Read from C cache (4 bytes @ 0x1FFE0B08)
T3DD8 011:077.003   Data:  02 00 00 00
T3DD8 011:077.009 - 0.015ms returns 0
T3DD8 011:077.014 JLINK_ReadMem(0x1FFE0B10, 0x4 Bytes, ...)
T3DD8 011:077.018    -- Read from C cache (4 bytes @ 0x1FFE0B10)
T3DD8 011:077.024   Data:  1C 0A FE 1F
T3DD8 011:077.030 - 0.015ms returns 0
T3DD8 011:077.048 JLINK_ReadMem(0x1FFE0B0C, 0x4 Bytes, ...)
T3DD8 011:077.054    -- Read from C cache (4 bytes @ 0x1FFE0B0C)
T3DD8 011:077.059   Data:  3C 04 FE 1F
T3DD8 011:077.065 - 0.016ms returns 0
T3DD8 011:077.070 JLINK_ReadMem(0x1FFE043C, 0xB4 Bytes, ...)
T3DD8 011:077.076   CPU_ReadMem(256 bytes @ 0x1FFE0400)
T3DD8 011:079.012    -- Updating C cache (256 bytes @ 0x1FFE0400)
T3DD8 011:079.024    -- Read from C cache (180 bytes @ 0x1FFE043C)
T3DD8 011:079.030   Data:  44 52 48 54 02 00 00 00 5C A8 FE 1F 10 A5 FE 1F ...
T3DD8 011:079.036 - 1.966ms returns 0
T3DD8 011:079.051 JLINK_ReadMem(0x0000A884, 0xC8 Bytes, ...)
T3DD8 011:079.058    -- Read from flash cache (200 bytes @ 0x0000A884)
T3DD8 011:079.064   Data:  42 6C 69 6E 6B 79 20 54 68 72 65 61 64 00 FF FF ...
T3DD8 011:079.070 - 0.017ms returns 0
T3DD8 011:079.078 JLINK_ReadMem(0x1FFE0A1C, 0xB4 Bytes, ...)
T3DD8 011:079.085   CPU_ReadMem(256 bytes @ 0x1FFE0A00)
T3DD8 011:081.002    -- Updating C cache (256 bytes @ 0x1FFE0A00)
T3DD8 011:081.014    -- Read from C cache (180 bytes @ 0x1FFE0A1C)
T3DD8 011:081.020   Data:  44 52 48 54 0E 00 00 00 2C AC FE 1F 10 A9 FE 1F ...
T3DD8 011:081.026 - 1.948ms returns 0
T3DD8 011:081.039 JLINK_ReadMem(0x0000A948, 0xC8 Bytes, ...)
T3DD8 011:081.046    -- Read from flash cache (200 bytes @ 0x0000A948)
T3DD8 011:081.052   Data:  4E 65 77 20 54 68 72 65 61 64 00 FF 58 06 FE 1F ...
T3DD8 011:081.058 - 0.018ms returns 0
T3DD8 011:081.552 JLINK_ReadMem(0x1FFE0B08, 0x4 Bytes, ...)
T3DD8 011:081.575    -- Read from C cache (4 bytes @ 0x1FFE0B08)
T3DD8 011:081.582   Data:  02 00 00 00
T3DD8 011:081.587 - 0.035ms returns 0
T3DD8 011:081.595 JLINK_ReadMem(0x1FFE0B10, 0x4 Bytes, ...)
T3DD8 011:081.600    -- Read from C cache (4 bytes @ 0x1FFE0B10)
T3DD8 011:081.606   Data:  1C 0A FE 1F
T3DD8 011:081.611 - 0.016ms returns 0
T3DD8 011:081.640 JLINK_ReadRegs(NumRegs = 20, Indexes: 0, 1, 2, 3, 4, 5, 6, 7, 8, 9, 10, 11, 12, 13, 14, 15, 16, 17, 18, 20)
T3DD8 011:081.671    -- R0=0xA9C4, R1=0x1FFEACEC, R2=0x1FFE0A1C, R3=0x1FFE0A1C, R4=0xA620, R5=0x00, R6=0x00, R7=0x00, R8=0x00, R9=0x00, R10=0x1FFEA910, R11=0x00, R12=0x00, R13 (SP)=0x1FFEACE8, R14=0x629D, R15 (PC)=0x6270, XPSR=0x61000000, MSP=0x1FFEA4E0, PSP=0x1FFEACE8, CFBP=0x2000000
T3DD8 011:081.688 - 0.047ms returns 0x00
T3DD8 011:081.925 JLINK_ReadMem(0x1FFE0B08, 0x4 Bytes, ...)
T3DD8 011:081.935    -- Read from C cache (4 bytes @ 0x1FFE0B08)
T3DD8 011:081.942   Data:  02 00 00 00
T3DD8 011:081.947 - 0.022ms returns 0
T3DD8 011:081.954 JLINK_ReadMem(0x1FFE0B08, 0x4 Bytes, ...)
T3DD8 011:081.960    -- Read from C cache (4 bytes @ 0x1FFE0B08)
T3DD8 011:081.966   Data:  02 00 00 00
T3DD8 011:081.971 - 0.016ms returns 0
T3DD8 011:081.982 JLINK_ReadMem(0x1FFE0B08, 0x4 Bytes, ...)
T3DD8 011:081.987    -- Read from C cache (4 bytes @ 0x1FFE0B08)
T3DD8 011:081.993   Data:  02 00 00 00
T3DD8 011:081.999 - 0.017ms returns 0
T3DD8 011:082.005 JLINK_ReadMem(0x1FFE0B08, 0x4 Bytes, ...)
T3DD8 011:082.010    -- Read from C cache (4 bytes @ 0x1FFE0B08)
T3DD8 011:082.016   Data:  02 00 00 00
T3DD8 011:082.022 - 0.016ms returns 0
T3DD8 011:082.027 JLINK_ReadMem(0x1FFE0B08, 0x4 Bytes, ...)
T3DD8 011:082.032    -- Read from C cache (4 bytes @ 0x1FFE0B08)
T3DD8 011:082.038   Data:  02 00 00 00
T3DD8 011:082.044 - 0.016ms returns 0
T3DD8 011:082.049 JLINK_ReadMem(0x1FFE0B10, 0x4 Bytes, ...)
T3DD8 011:082.054    -- Read from C cache (4 bytes @ 0x1FFE0B10)
T3DD8 011:082.059   Data:  1C 0A FE 1F
T3DD8 011:082.066 - 0.016ms returns 0
T3DD8 011:082.070 JLINK_ReadMem(0x1FFE0B0C, 0x4 Bytes, ...)
T3DD8 011:082.090    -- Read from C cache (4 bytes @ 0x1FFE0B0C)
T3DD8 011:082.096   Data:  3C 04 FE 1F
T3DD8 011:082.102 - 0.031ms returns 0
T3DD8 011:082.107 JLINK_ReadMem(0x1FFE043C, 0xB4 Bytes, ...)
T3DD8 011:082.112    -- Read from C cache (180 bytes @ 0x1FFE043C)
T3DD8 011:082.118   Data:  44 52 48 54 02 00 00 00 5C A8 FE 1F 10 A5 FE 1F ...
T3DD8 011:082.125 - 0.017ms returns 0
T3DD8 011:082.134 JLINK_ReadMem(0x0000A884, 0xC8 Bytes, ...)
T3DD8 011:082.139    -- Read from flash cache (200 bytes @ 0x0000A884)
T3DD8 011:082.146   Data:  42 6C 69 6E 6B 79 20 54 68 72 65 61 64 00 FF FF ...
T3DD8 011:082.151 - 0.017ms returns 0
T3DD8 011:082.158 JLINK_ReadMem(0x1FFE0A1C, 0xB4 Bytes, ...)
T3DD8 011:082.163    -- Read from C cache (180 bytes @ 0x1FFE0A1C)
T3DD8 011:082.170   Data:  44 52 48 54 0E 00 00 00 2C AC FE 1F 10 A9 FE 1F ...
T3DD8 011:082.175 - 0.017ms returns 0
T3DD8 011:082.182 JLINK_ReadMem(0x0000A948, 0xC8 Bytes, ...)
T3DD8 011:082.186    -- Read from flash cache (200 bytes @ 0x0000A948)
T3DD8 011:082.193   Data:  4E 65 77 20 54 68 72 65 61 64 00 FF 58 06 FE 1F ...
T3DD8 011:082.198 - 0.016ms returns 0
T3DD8 011:083.068 JLINK_ReadMem(0x00006270, 0x4 Bytes, ...)
T3DD8 011:083.134    -- Read from flash cache (4 bytes @ 0x00006270)
T3DD8 011:083.158   Data:  00 BE 70 47
T3DD8 011:083.165 - 0.114ms returns 0
T3DD8 011:083.698 JLINK_ReadMem(0x0000629C, 0x4 Bytes, ...)
T3DD8 011:083.756    -- Read from flash cache (4 bytes @ 0x0000629C)
T3DD8 011:083.769   Data:  F3 E7 06 48
T3DD8 011:083.794 - 0.095ms returns 0
T3DD8 011:084.046 JLINK_ReadMem(0x1FFEACC0, 0x40 Bytes, ...)
T3DD8 011:084.073   CPU_ReadMem(64 bytes @ 0x1FFEACC0)
T3DD8 011:086.198    -- Updating C cache (64 bytes @ 0x1FFEACC0)
T3DD8 011:086.226    -- Read from C cache (64 bytes @ 0x1FFEACC0)
T3DD8 011:086.234   Data:  EF EF EF EF 20 A6 00 00 00 00 00 00 00 00 00 00 ...
T3DD8 011:086.241 - 2.195ms returns 0
T3DD8 011:091.288 JLINK_ReadMem(0x1FFE0B08, 0x4 Bytes, ...)
T3DD8 011:091.317    -- Read from C cache (4 bytes @ 0x1FFE0B08)
T3DD8 011:091.324   Data:  02 00 00 00
T3DD8 011:091.330 - 0.043ms returns 0
T3DD8 011:091.339 JLINK_ReadMem(0x1FFE0B10, 0x4 Bytes, ...)
T3DD8 011:091.344    -- Read from C cache (4 bytes @ 0x1FFE0B10)
T3DD8 011:091.350   Data:  1C 0A FE 1F
T3DD8 011:091.356 - 0.017ms returns 0
T3DD8 011:091.386 JLINK_ReadMem(0x1FFE0B10, 0x4 Bytes, ...)
T3DD8 011:091.392    -- Read from C cache (4 bytes @ 0x1FFE0B10)
T3DD8 011:091.398   Data:  1C 0A FE 1F
T3DD8 011:091.404 - 0.018ms returns 0
T3DD8 011:091.415 JLINK_ReadReg(XPSR)
T3DD8 011:091.423 - 0.007ms returns 0x61000000
T3DD8 011:091.428 JLINK_ReadReg(XPSR)
T3DD8 011:091.432 - 0.004ms returns 0x61000000
T3DD8 011:091.453 JLINK_ReadMem(0x1FFE0B10, 0x4 Bytes, ...)
T3DD8 011:091.479    -- Read from C cache (4 bytes @ 0x1FFE0B10)
T3DD8 011:091.485   Data:  1C 0A FE 1F
T3DD8 011:091.490 - 0.037ms returns 0
T3DD8 011:091.498 JLINK_ReadReg(XPSR)
T3DD8 011:091.503 - 0.004ms returns 0x61000000
T3DD8 011:091.508 JLINK_ReadReg(XPSR)
T3DD8 011:091.512 - 0.004ms returns 0x61000000
T3DD8 011:091.518 JLINK_ReadMem(0x1FFEA85C, 0x4 Bytes, ...)
T3DD8 011:091.528   CPU_ReadMem(64 bytes @ 0x1FFEA840)
T3DD8 011:092.542    -- Updating C cache (64 bytes @ 0x1FFEA840)
T3DD8 011:092.570    -- Read from C cache (4 bytes @ 0x1FFEA85C)
T3DD8 011:092.578   Data:  FD FF FF FF
T3DD8 011:092.585 - 1.065ms returns 0
T3DD8 011:092.600 JLINK_ReadMem(0x1FFEA89C, 0x4 Bytes, ...)
T3DD8 011:092.613   CPU_ReadMem(64 bytes @ 0x1FFEA880)
T3DD8 011:094.304    -- Updating C cache (64 bytes @ 0x1FFEA880)
T3DD8 011:094.330    -- Read from C cache (4 bytes @ 0x1FFEA89C)
T3DD8 011:094.337   Data:  00 00 00 61
T3DD8 011:094.344 - 1.744ms returns 0
T3DD8 011:094.357 JLINK_ReadMem(0x1FFEA880, 0x4 Bytes, ...)
T3DD8 011:094.366    -- Read from C cache (4 bytes @ 0x1FFEA880)
T3DD8 011:094.373   Data:  01 00 00 00
T3DD8 011:094.379 - 0.022ms returns 0
T3DD8 011:094.384 JLINK_ReadMem(0x1FFEA884, 0x4 Bytes, ...)
T3DD8 011:094.390    -- Read from C cache (4 bytes @ 0x1FFEA884)
T3DD8 011:094.395   Data:  1C 0A FE 1F
T3DD8 011:094.402 - 0.017ms returns 0
T3DD8 011:094.406 JLINK_ReadMem(0x1FFEA888, 0x4 Bytes, ...)
T3DD8 011:094.412    -- Read from C cache (4 bytes @ 0x1FFEA888)
T3DD8 011:094.418   Data:  00 00 00 10
T3DD8 011:094.424 - 0.017ms returns 0
T3DD8 011:094.429 JLINK_ReadMem(0x1FFEA88C, 0x4 Bytes, ...)
T3DD8 011:094.434    -- Read from C cache (4 bytes @ 0x1FFEA88C)
T3DD8 011:094.440   Data:  00 00 00 00
T3DD8 011:094.446 - 0.017ms returns 0
T3DD8 011:094.451 JLINK_ReadMem(0x1FFEA860, 0x4 Bytes, ...)
T3DD8 011:094.456    -- Read from C cache (4 bytes @ 0x1FFEA860)
T3DD8 011:094.462   Data:  3C 04 FE 1F
T3DD8 011:094.469 - 0.017ms returns 0
T3DD8 011:094.474 JLINK_ReadMem(0x1FFEA864, 0x4 Bytes, ...)
T3DD8 011:094.478    -- Read from C cache (4 bytes @ 0x1FFEA864)
T3DD8 011:094.485   Data:  3C 04 FE 1F
T3DD8 011:094.536 - 0.061ms returns 0
T3DD8 011:094.544 JLINK_ReadMem(0x1FFEA868, 0x4 Bytes, ...)
T3DD8 011:094.552    -- Read from C cache (4 bytes @ 0x1FFEA868)
T3DD8 011:094.558   Data:  00 00 00 00
T3DD8 011:094.565 - 0.020ms returns 0
T3DD8 011:094.570 JLINK_ReadMem(0x1FFEA86C, 0x4 Bytes, ...)
T3DD8 011:094.576    -- Read from C cache (4 bytes @ 0x1FFEA86C)
T3DD8 011:094.582   Data:  24 0B FE 1F
T3DD8 011:094.588 - 0.018ms returns 0
T3DD8 011:094.594 JLINK_ReadMem(0x1FFEA870, 0x4 Bytes, ...)
T3DD8 011:094.598    -- Read from C cache (4 bytes @ 0x1FFEA870)
T3DD8 011:094.605   Data:  80 02 FE 1F
T3DD8 011:094.610 - 0.017ms returns 0
T3DD8 011:094.615 JLINK_ReadMem(0x1FFEA874, 0x4 Bytes, ...)
T3DD8 011:094.621    -- Read from C cache (4 bytes @ 0x1FFEA874)
T3DD8 011:094.627   Data:  6C 02 FE 1F
T3DD8 011:094.633 - 0.017ms returns 0
T3DD8 011:094.638 JLINK_ReadMem(0x1FFEA878, 0x4 Bytes, ...)
T3DD8 011:094.643    -- Read from C cache (4 bytes @ 0x1FFEA878)
T3DD8 011:094.649   Data:  AA BB CC DD
T3DD8 011:094.738 - 0.099ms returns 0
T3DD8 011:094.744 JLINK_ReadMem(0x1FFEA87C, 0x4 Bytes, ...)
T3DD8 011:094.750    -- Read from C cache (4 bytes @ 0x1FFEA87C)
T3DD8 011:094.774   Data:  9C AD 00 00
T3DD8 011:094.779 - 0.035ms returns 0
T3DD8 011:094.785 JLINK_ReadMem(0x1FFEA890, 0x4 Bytes, ...)
T3DD8 011:094.790    -- Read from C cache (4 bytes @ 0x1FFEA890)
T3DD8 011:094.796   Data:  00 00 00 00
T3DD8 011:094.814 - 0.029ms returns 0
T3DD8 011:094.819 JLINK_ReadMem(0x1FFEA894, 0x4 Bytes, ...)
T3DD8 011:094.824    -- Read from C cache (4 bytes @ 0x1FFEA894)
T3DD8 011:094.830   Data:  61 82 00 00
T3DD8 011:094.835 - 0.016ms returns 0
T3DD8 011:094.854 JLINK_ReadMem(0x1FFEA898, 0x4 Bytes, ...)
T3DD8 011:094.859    -- Read from C cache (4 bytes @ 0x1FFEA898)
T3DD8 011:094.865   Data:  06 82 00 00
T3DD8 011:094.870 - 0.016ms returns 0
T3DD8 011:094.881 JLINK_ReadMem(0x1FFEA89C, 0x4 Bytes, ...)
T3DD8 011:094.890    -- Read from C cache (4 bytes @ 0x1FFEA89C)
T3DD8 011:094.895   Data:  00 00 00 61
T3DD8 011:094.901 - 0.020ms returns 0
T3DD8 011:094.906 JLINK_ReadMem(0x4020D88A, 0x4 Bytes, ...)
T3DD8 011:094.930   CPU_ReadMem(4 bytes @ 0x4020D88A)
T3DD8 011:095.451   failed
T3DD8 011:095.472 - 0.566ms returns 1
T3DD8 011:097.311 JLINK_ReadMem(0x1FFE0B08, 0x4 Bytes, ...)
T3DD8 011:097.382    -- Read from C cache (4 bytes @ 0x1FFE0B08)
T3DD8 011:097.390   Data:  02 00 00 00
T3DD8 011:097.397 - 0.086ms returns 0
T3DD8 011:097.409 JLINK_ReadMem(0x1FFE0B08, 0x4 Bytes, ...)
T3DD8 011:097.414    -- Read from C cache (4 bytes @ 0x1FFE0B08)
T3DD8 011:097.421   Data:  02 00 00 00
T3DD8 011:097.426 - 0.017ms returns 0
T3DD8 011:097.451 JLINK_ReadMem(0x1FFE0B08, 0x4 Bytes, ...)
T3DD8 011:097.458    -- Read from C cache (4 bytes @ 0x1FFE0B08)
T3DD8 011:097.463   Data:  02 00 00 00
T3DD8 011:097.470 - 0.018ms returns 0
T3DD8 011:101.781 JLINK_ReadMem(0x1FFE0B08, 0x4 Bytes, ...)
T3DD8 011:101.811    -- Read from C cache (4 bytes @ 0x1FFE0B08)
T3DD8 011:101.818   Data:  02 00 00 00
T3DD8 011:101.837 - 0.056ms returns 0
T3DD8 011:101.847 JLINK_ReadMem(0x1FFE0B08, 0x4 Bytes, ...)
T3DD8 011:101.852    -- Read from C cache (4 bytes @ 0x1FFE0B08)
T3DD8 011:101.872   Data:  02 00 00 00
T3DD8 011:101.878 - 0.031ms returns 0
T3DD8 011:101.955 JLINK_ReadMem(0x1FFE0B08, 0x4 Bytes, ...)
T3DD8 011:101.963    -- Read from C cache (4 bytes @ 0x1FFE0B08)
T3DD8 011:101.969   Data:  02 00 00 00
T3DD8 011:101.975 - 0.020ms returns 0
T3DD8 011:104.114 JLINK_ReadMem(0x00006270, 0x4 Bytes, ...)
T3DD8 011:104.139    -- Read from flash cache (4 bytes @ 0x00006270)
T3DD8 011:104.146   Data:  00 BE 70 47
T3DD8 011:104.154 - 0.039ms returns 0
T3DD8 011:104.719 JLINK_ReadMem(0x0000629C, 0x4 Bytes, ...)
T3DD8 011:104.739    -- Read from flash cache (4 bytes @ 0x0000629C)
T3DD8 011:104.746   Data:  F3 E7 06 48
T3DD8 011:104.754 - 0.034ms returns 0
T3DD8 011:104.986 JLINK_ReadMem(0x1FFEACC0, 0x40 Bytes, ...)
T3DD8 011:105.006    -- Read from C cache (64 bytes @ 0x1FFEACC0)
T3DD8 011:105.013   Data:  EF EF EF EF 20 A6 00 00 00 00 00 00 00 00 00 00 ...
T3DD8 011:105.018 - 0.032ms returns 0
T3DD8 011:107.428 JLINK_ReadMem(0x1FFE0B08, 0x4 Bytes, ...)
T3DD8 011:107.454    -- Read from C cache (4 bytes @ 0x1FFE0B08)
T3DD8 011:107.462   Data:  02 00 00 00
T3DD8 011:107.468 - 0.040ms returns 0
T3DD8 011:107.477 JLINK_ReadMem(0x1FFE0B10, 0x4 Bytes, ...)
T3DD8 011:107.482    -- Read from C cache (4 bytes @ 0x1FFE0B10)
T3DD8 011:107.488   Data:  1C 0A FE 1F
T3DD8 011:107.494 - 0.017ms returns 0
T3DD8 011:107.550 JLINK_ReadMem(0x1FFE0B10, 0x4 Bytes, ...)
T3DD8 011:107.556    -- Read from C cache (4 bytes @ 0x1FFE0B10)
T3DD8 011:107.562   Data:  1C 0A FE 1F
T3DD8 011:107.568 - 0.018ms returns 0
T3DD8 011:107.579 JLINK_ReadReg(XPSR)
T3DD8 011:107.586 - 0.007ms returns 0x61000000
T3DD8 011:107.591 JLINK_ReadReg(XPSR)
T3DD8 011:107.595 - 0.004ms returns 0x61000000
T3DD8 011:107.608 JLINK_ReadRegs(NumRegs = 20, Indexes: 0, 1, 2, 3, 4, 5, 6, 7, 8, 9, 10, 11, 12, 13, 14, 15, 16, 17, 18, 20)
T3DD8 011:107.619    -- R0=0xA9C4, R1=0x1FFEACEC, R2=0x1FFE0A1C, R3=0x1FFE0A1C, R4=0xA620, R5=0x00, R6=0x00, R7=0x00, R8=0x00, R9=0x00, R10=0x1FFEA910, R11=0x00, R12=0x00, R13 (SP)=0x1FFEACE8, R14=0x629D, R15 (PC)=0x6270, XPSR=0x61000000, MSP=0x1FFEA4E0, PSP=0x1FFEACE8, CFBP=0x2000000
T3DD8 011:107.626 - 0.018ms returns 0x00
T3DD8 011:107.630 JLINK_ReadReg(XPSR)
T3DD8 011:107.635 - 0.004ms returns 0x61000000
T3DD8 011:107.639 JLINK_ReadReg(XPSR)
T3DD8 011:107.644 - 0.004ms returns 0x61000000
T3DD8 011:107.648 JLINK_ReadReg(XPSR)
T3DD8 011:107.653 - 0.004ms returns 0x61000000
T3DD8 011:107.658 JLINK_ReadReg(XPSR)
T3DD8 011:107.662 - 0.004ms returns 0x61000000
T3DD8 011:107.666 JLINK_ReadReg(XPSR)
T3DD8 011:107.670 - 0.004ms returns 0x61000000
T3DD8 011:107.675 JLINK_ReadReg(XPSR)
T3DD8 011:107.679 - 0.004ms returns 0x61000000
T3DD8 011:107.684 JLINK_ReadReg(XPSR)
T3DD8 011:107.696 - 0.012ms returns 0x61000000
T3DD8 011:107.701 JLINK_ReadReg(XPSR)
T3DD8 011:107.705 - 0.004ms returns 0x61000000
T3DD8 011:107.710 JLINK_ReadReg(XPSR)
T3DD8 011:107.714 - 0.004ms returns 0x61000000
T3DD8 011:107.718 JLINK_ReadReg(XPSR)
T3DD8 011:107.722 - 0.004ms returns 0x61000000
T3DD8 011:107.727 JLINK_ReadReg(XPSR)
T3DD8 011:107.731 - 0.004ms returns 0x61000000
T3DD8 011:107.736 JLINK_ReadReg(XPSR)
T3DD8 011:107.740 - 0.004ms returns 0x61000000
T3DD8 011:107.745 JLINK_ReadReg(XPSR)
T3DD8 011:107.749 - 0.004ms returns 0x61000000
T3DD8 011:107.754 JLINK_ReadReg(XPSR)
T3DD8 011:107.758 - 0.004ms returns 0x61000000
T3DD8 011:107.762 JLINK_ReadReg(XPSR)
T3DD8 011:107.766 - 0.004ms returns 0x61000000
T3DD8 011:107.771 JLINK_ReadReg(XPSR)
T3DD8 011:107.776 - 0.004ms returns 0x61000000
T3DD8 011:107.780 JLINK_ReadReg(XPSR)
T3DD8 011:107.785 - 0.004ms returns 0x61000000
T3DD8 011:107.789 JLINK_ReadReg(XPSR)
T3DD8 011:107.794 - 0.004ms returns 0x61000000
T3DD8 011:107.798 JLINK_ReadReg(XPSR)
T3DD8 011:107.802 - 0.004ms returns 0x61000000
T3DD8 011:107.807 JLINK_ReadReg(XPSR)
T3DD8 011:107.811 - 0.004ms returns 0x61000000
T3DD8 011:108.056 JLINK_ReadMem(0x1FFE0B08, 0x4 Bytes, ...)
T3DD8 011:108.074    -- Read from C cache (4 bytes @ 0x1FFE0B08)
T3DD8 011:108.082   Data:  02 00 00 00
T3DD8 011:108.088 - 0.032ms returns 0
T3DD8 011:108.097 JLINK_ReadMem(0x1FFE0B08, 0x4 Bytes, ...)
T3DD8 011:108.102    -- Read from C cache (4 bytes @ 0x1FFE0B08)
T3DD8 011:108.108   Data:  02 00 00 00
T3DD8 011:108.114 - 0.017ms returns 0
T3DD8 011:108.190 JLINK_ReadMem(0x1FFE0B08, 0x4 Bytes, ...)
T3DD8 011:108.199    -- Read from C cache (4 bytes @ 0x1FFE0B08)
T3DD8 011:108.205   Data:  02 00 00 00
T3DD8 011:108.211 - 0.020ms returns 0
T3DD8 011:109.283 JLINK_ReadMem(0x00006270, 0x4 Bytes, ...)
T3DD8 011:109.301    -- Read from flash cache (4 bytes @ 0x00006270)
T3DD8 011:109.308   Data:  00 BE 70 47
T3DD8 011:109.314 - 0.032ms returns 0
T3DD8 011:109.938 JLINK_ReadMem(0x0000629C, 0x4 Bytes, ...)
T3DD8 011:109.962    -- Read from flash cache (4 bytes @ 0x0000629C)
T3DD8 011:109.970   Data:  F3 E7 06 48
T3DD8 011:110.006 - 0.068ms returns 0
T3DD8 011:110.619 JLINK_ReadMem(0x1FFEACC0, 0x40 Bytes, ...)
T3DD8 011:110.648    -- Read from C cache (64 bytes @ 0x1FFEACC0)
T3DD8 011:110.655   Data:  EF EF EF EF 20 A6 00 00 00 00 00 00 00 00 00 00 ...
T3DD8 011:110.662 - 0.042ms returns 0
T3DD8 011:113.609 JLINK_ReadMem(0x00006270, 0x4 Bytes, ...)
T3DD8 011:113.638    -- Read from flash cache (4 bytes @ 0x00006270)
T3DD8 011:113.644   Data:  00 BE 70 47
T3DD8 011:113.651 - 0.043ms returns 0
T3DD8 011:113.880 JLINK_ReadMem(0x0000629C, 0x4 Bytes, ...)
T3DD8 011:113.930    -- Read from flash cache (4 bytes @ 0x0000629C)
T3DD8 011:113.935   Data:  F3 E7 06 48
T3DD8 011:113.942 - 0.062ms returns 0
T3DD8 011:114.120 JLINK_ReadMem(0x1FFEACC0, 0x40 Bytes, ...)
T3DD8 011:114.138    -- Read from C cache (64 bytes @ 0x1FFEACC0)
T3DD8 011:114.146   Data:  EF EF EF EF 20 A6 00 00 00 00 00 00 00 00 00 00 ...
T3DD8 011:114.151 - 0.032ms returns 0
T3DD8 011:114.352 JLINK_ReadMem(0x000062C6, 0x4 Bytes, ...)
T3DD8 011:114.368    -- Read from flash cache (4 bytes @ 0x000062C6)
T3DD8 011:114.374   Data:  BD E8 08 40
T3DD8 011:114.381 - 0.028ms returns 0
T3DD8 011:115.230 JLINK_ReadMem(0x1FFE0B08, 0x4 Bytes, ...)
T3DD8 011:115.254    -- Read from C cache (4 bytes @ 0x1FFE0B08)
T3DD8 011:115.348   Data:  02 00 00 00
T3DD8 011:115.364 - 0.135ms returns 0
T3DD8 011:115.376 JLINK_ReadMem(0x1FFE0B08, 0x4 Bytes, ...)
T3DD8 011:115.382    -- Read from C cache (4 bytes @ 0x1FFE0B08)
T3DD8 011:115.388   Data:  02 00 00 00
T3DD8 011:115.394 - 0.018ms returns 0
T3DD8 011:115.417 JLINK_ReadMem(0x1FFE0B08, 0x4 Bytes, ...)
T3DD8 011:115.422    -- Read from C cache (4 bytes @ 0x1FFE0B08)
T3DD8 011:115.429   Data:  02 00 00 00
T3DD8 011:115.434 - 0.017ms returns 0
T3DD8 011:116.062 JLINK_ReadMem(0x00006270, 0x4 Bytes, ...)
T3DD8 011:116.078    -- Read from flash cache (4 bytes @ 0x00006270)
T3DD8 011:116.133   Data:  00 BE 70 47
T3DD8 011:116.140 - 0.077ms returns 0
T3DD8 011:116.753 JLINK_ReadMem(0x0000629C, 0x4 Bytes, ...)
T3DD8 011:116.775    -- Read from flash cache (4 bytes @ 0x0000629C)
T3DD8 011:116.782   Data:  F3 E7 06 48
T3DD8 011:116.789 - 0.036ms returns 0
T3DD8 011:116.990 JLINK_ReadMem(0x1FFEACC0, 0x40 Bytes, ...)
T3DD8 011:117.009    -- Read from C cache (64 bytes @ 0x1FFEACC0)
T3DD8 011:117.016   Data:  EF EF EF EF 20 A6 00 00 00 00 00 00 00 00 00 00 ...
T3DD8 011:117.022 - 0.032ms returns 0
T3DD8 011:117.970 JLINK_ReadMem(0x00006270, 0x4 Bytes, ...)
T3DD8 011:117.998    -- Read from flash cache (4 bytes @ 0x00006270)
T3DD8 011:118.005   Data:  00 BE 70 47
T3DD8 011:118.011 - 0.042ms returns 0
T3DD8 011:118.355 JLINK_ReadMem(0x0000629C, 0x4 Bytes, ...)
T3DD8 011:118.376    -- Read from flash cache (4 bytes @ 0x0000629C)
T3DD8 011:118.382   Data:  F3 E7 06 48
T3DD8 011:118.390 - 0.034ms returns 0
T3DD8 011:118.550 JLINK_ReadMem(0x1FFEACC0, 0x40 Bytes, ...)
T3DD8 011:118.567    -- Read from C cache (64 bytes @ 0x1FFEACC0)
T3DD8 011:118.575   Data:  EF EF EF EF 20 A6 00 00 00 00 00 00 00 00 00 00 ...
T3DD8 011:118.581 - 0.030ms returns 0
T3DD8 011:132.792 JLINK_ReadMem(0x1FFE0B08, 0x4 Bytes, ...)
T3DD8 011:132.818    -- Read from C cache (4 bytes @ 0x1FFE0B08)
T3DD8 011:132.825   Data:  02 00 00 00
T3DD8 011:132.832 - 0.040ms returns 0
T3DD8 011:132.841 JLINK_ReadMem(0x1FFE0B08, 0x4 Bytes, ...)
T3DD8 011:132.846    -- Read from C cache (4 bytes @ 0x1FFE0B08)
T3DD8 011:132.852   Data:  02 00 00 00
T3DD8 011:132.858 - 0.017ms returns 0
T3DD8 011:132.874 JLINK_ReadMem(0x1FFE0B08, 0x4 Bytes, ...)
T3DD8 011:132.879    -- Read from C cache (4 bytes @ 0x1FFE0B08)
T3DD8 011:132.886   Data:  02 00 00 00
T3DD8 011:132.891 - 0.017ms returns 0
T3DD8 011:163.848 JLINK_ReadMem(0x00006270, 0x4 Bytes, ...)
T3DD8 011:163.870    -- Read from flash cache (4 bytes @ 0x00006270)
T3DD8 011:163.878   Data:  00 BE 70 47
T3DD8 011:163.885 - 0.037ms returns 0
T3DD8 011:164.180 JLINK_ReadMem(0x0000629C, 0x4 Bytes, ...)
T3DD8 011:164.189    -- Read from flash cache (4 bytes @ 0x0000629C)
T3DD8 011:164.195   Data:  F3 E7 06 48
T3DD8 011:164.202 - 0.021ms returns 0
T3DD8 011:164.346 JLINK_ReadMem(0x1FFEACC0, 0x40 Bytes, ...)
T3DD8 011:164.358    -- Read from C cache (64 bytes @ 0x1FFEACC0)
T3DD8 011:164.364   Data:  EF EF EF EF 20 A6 00 00 00 00 00 00 00 00 00 00 ...
T3DD8 011:164.370 - 0.024ms returns 0
T3DD8 011:164.551 JLINK_ReadMem(0x000062C6, 0x4 Bytes, ...)
T3DD8 011:164.559    -- Read from flash cache (4 bytes @ 0x000062C6)
T3DD8 011:164.565   Data:  BD E8 08 40
T3DD8 011:164.571 - 0.020ms returns 0
T3DD8 011:164.759 JLINK_ReadMem(0x00007F84, 0x4 Bytes, ...)
T3DD8 011:164.768    -- Read from flash cache (4 bytes @ 0x00007F84)
T3DD8 011:164.774   Data:  0F 4B 1B 68
T3DD8 011:164.780 - 0.021ms returns 0
T3DD8 011:164.973 JLINK_ReadMem(0x1FFEAD00, 0x40 Bytes, ...)
T3DD8 011:164.992   CPU_ReadMem(64 bytes @ 0x1FFEAD00)
T3DD8 011:165.698    -- Updating C cache (64 bytes @ 0x1FFEAD00)
T3DD8 011:165.714    -- Read from C cache (64 bytes @ 0x1FFEAD00)
T3DD8 011:165.722   Data:  00 00 00 00 FF FF FF FF EF EF EF EF EF EF EF EF ...
T3DD8 011:165.727 - 0.755ms returns 0
T3DD8 011:166.460 JLINK_ReadMem(0x1FFE0B08, 0x4 Bytes, ...)
T3DD8 011:166.499    -- Read from C cache (4 bytes @ 0x1FFE0B08)
T3DD8 011:166.506   Data:  02 00 00 00
T3DD8 011:166.513 - 0.053ms returns 0
T3DD8 011:166.526 JLINK_ReadMem(0x1FFE0B08, 0x4 Bytes, ...)
T3DD8 011:166.531    -- Read from C cache (4 bytes @ 0x1FFE0B08)
T3DD8 011:166.537   Data:  02 00 00 00
T3DD8 011:166.542 - 0.017ms returns 0
T3DD8 011:166.566 JLINK_ReadMem(0x1FFE0B08, 0x4 Bytes, ...)
T3DD8 011:166.571    -- Read from C cache (4 bytes @ 0x1FFE0B08)
T3DD8 011:166.578   Data:  02 00 00 00
T3DD8 011:166.583 - 0.017ms returns 0
T3DD8 011:167.677 JLINK_ReadMem(0x00006270, 0x4 Bytes, ...)
T3DD8 011:167.698    -- Read from flash cache (4 bytes @ 0x00006270)
T3DD8 011:167.705   Data:  00 BE 70 47
T3DD8 011:167.712 - 0.036ms returns 0
T3DD8 011:168.092 JLINK_ReadMem(0x0000629C, 0x4 Bytes, ...)
T3DD8 011:168.111    -- Read from flash cache (4 bytes @ 0x0000629C)
T3DD8 011:168.118   Data:  F3 E7 06 48
T3DD8 011:168.125 - 0.033ms returns 0
T3DD8 011:168.322 JLINK_ReadMem(0x1FFEACC0, 0x40 Bytes, ...)
T3DD8 011:168.336    -- Read from C cache (64 bytes @ 0x1FFEACC0)
T3DD8 011:168.342   Data:  EF EF EF EF 20 A6 00 00 00 00 00 00 00 00 00 00 ...
T3DD8 011:168.349 - 0.026ms returns 0
T3DD8 011:210.942 JLINK_ReadMem(0x00006270, 0x4 Bytes, ...)
T3DD8 011:210.970    -- Read from flash cache (4 bytes @ 0x00006270)
T3DD8 011:210.977   Data:  00 BE 70 47
T3DD8 011:210.983 - 0.041ms returns 0
T3DD8 011:211.327 JLINK_ReadMem(0x0000629C, 0x4 Bytes, ...)
T3DD8 011:211.346    -- Read from flash cache (4 bytes @ 0x0000629C)
T3DD8 011:211.352   Data:  F3 E7 06 48
T3DD8 011:211.358 - 0.032ms returns 0
T3DD8 011:211.522 JLINK_ReadMem(0x1FFEACC0, 0x40 Bytes, ...)
T3DD8 011:211.541    -- Read from C cache (64 bytes @ 0x1FFEACC0)
T3DD8 011:211.548   Data:  EF EF EF EF 20 A6 00 00 00 00 00 00 00 00 00 00 ...
T3DD8 011:211.555 - 0.033ms returns 0
T3DD8 011:211.825 JLINK_ReadMem(0x000062C6, 0x4 Bytes, ...)
T3DD8 011:211.838    -- Read from flash cache (4 bytes @ 0x000062C6)
T3DD8 011:211.844   Data:  BD E8 08 40
T3DD8 011:211.851 - 0.026ms returns 0
T3DD8 011:212.128 JLINK_ReadMem(0x00007F84, 0x4 Bytes, ...)
T3DD8 011:212.139    -- Read from flash cache (4 bytes @ 0x00007F84)
T3DD8 011:212.146   Data:  0F 4B 1B 68
T3DD8 011:212.152 - 0.025ms returns 0
T3DD8 011:212.282 JLINK_ReadMem(0x1FFEAD00, 0x40 Bytes, ...)
T3DD8 011:212.294    -- Read from C cache (64 bytes @ 0x1FFEAD00)
T3DD8 011:212.301   Data:  00 00 00 00 FF FF FF FF EF EF EF EF EF EF EF EF ...
T3DD8 011:212.307 - 0.025ms returns 0
T3DD8 011:336.094 JLINK_ReadMem(0x00008206, 0x4 Bytes, ...)
T3DD8 011:336.120    -- Read from flash cache (4 bytes @ 0x00008206)
T3DD8 011:336.127   Data:  EF F3 10 83
T3DD8 011:336.134 - 0.040ms returns 0
T3DD8 011:336.343 JLINK_ReadMem(0x1FFEA880, 0x40 Bytes, ...)
T3DD8 011:336.357    -- Read from C cache (64 bytes @ 0x1FFEA880)
T3DD8 011:336.363   Data:  01 00 00 00 1C 0A FE 1F 00 00 00 10 00 00 00 00 ...
T3DD8 011:336.370 - 0.026ms returns 0
T3DD8 011:337.070 JLINK_ReadMem(0x0000801A, 0x4 Bytes, ...)
T3DD8 011:337.091    -- Read from flash cache (4 bytes @ 0x0000801A)
T3DD8 011:337.098   Data:  D4 F8 84 00
T3DD8 011:337.104 - 0.035ms returns 0
T3DD8 011:340.381 JLINK_ReadMem(0x0000636E, 0x4 Bytes, ...)
T3DD8 011:340.440    -- Read from flash cache (4 bytes @ 0x0000636E)
T3DD8 011:340.448   Data:  23 6A 01 21
T3DD8 011:340.469 - 0.075ms returns 0
T3DD8 011:340.724 JLINK_ReadMem(0x1FFEA8C0, 0x40 Bytes, ...)
T3DD8 011:340.751   CPU_ReadMem(64 bytes @ 0x1FFEA8C0)
T3DD8 011:341.458    -- Updating C cache (64 bytes @ 0x1FFEA8C0)
T3DD8 011:341.486    -- Read from C cache (64 bytes @ 0x1FFEA8C0)
T3DD8 011:341.494   Data:  00 00 08 00 AC A6 00 00 00 00 00 00 AF 64 00 00 ...
T3DD8 011:341.499 - 0.775ms returns 0
T3DD8 011:342.094 JLINK_ReadMem(0x000064AE, 0x4 Bytes, ...)
T3DD8 011:342.117    -- Read from flash cache (4 bytes @ 0x000064AE)
T3DD8 011:342.124   Data:  01 20 01 F0
T3DD8 011:342.131 - 0.038ms returns 0
T3DD8 011:342.618 JLINK_ReadMem(0x00007F84, 0x4 Bytes, ...)
T3DD8 011:342.683    -- Read from flash cache (4 bytes @ 0x00007F84)
T3DD8 011:342.690   Data:  0F 4B 1B 68
T3DD8 011:342.698 - 0.080ms returns 0
T3DD8 011:342.878 JLINK_ReadMem(0x1FFEA900, 0x40 Bytes, ...)
T3DD8 011:342.905   CPU_ReadMem(64 bytes @ 0x1FFEA900)
T3DD8 011:343.690    -- Updating C cache (64 bytes @ 0x1FFEA900)
T3DD8 011:343.715    -- Read from C cache (64 bytes @ 0x1FFEA900)
T3DD8 011:343.745   Data:  00 00 00 00 FF FF FF FF EF EF EF EF EF EF EF EF ...
T3DD8 011:343.752 - 0.873ms returns 0
T3DD8 011:344.936 JLINK_ReadMem(0x00006270, 0x4 Bytes, ...)
T3DD8 011:344.959    -- Read from flash cache (4 bytes @ 0x00006270)
T3DD8 011:344.966   Data:  00 BE 70 47
T3DD8 011:344.973 - 0.037ms returns 0
T3DD8 011:397.425 JLINK_ReadMem(0x00006270, 0x4 Bytes, ...)
T3DD8 011:397.516    -- Read from flash cache (4 bytes @ 0x00006270)
T3DD8 011:397.528   Data:  00 BE 70 47
T3DD8 011:397.535 - 0.110ms returns 0
T3DD8 011:397.744 JLINK_ReadMem(0x0000629C, 0x4 Bytes, ...)
T3DD8 011:397.754    -- Read from flash cache (4 bytes @ 0x0000629C)
T3DD8 011:397.759   Data:  F3 E7 06 48
T3DD8 011:397.804 - 0.059ms returns 0
T3DD8 011:397.947 JLINK_ReadMem(0x1FFEACC0, 0x40 Bytes, ...)
T3DD8 011:397.959    -- Read from C cache (64 bytes @ 0x1FFEACC0)
T3DD8 011:397.966   Data:  EF EF EF EF 20 A6 00 00 00 00 00 00 00 00 00 00 ...
T3DD8 011:397.972 - 0.024ms returns 0
T3DD8 011:398.140 JLINK_ReadMem(0x000062C6, 0x4 Bytes, ...)
T3DD8 011:398.149    -- Read from flash cache (4 bytes @ 0x000062C6)
T3DD8 011:398.154   Data:  BD E8 08 40
T3DD8 011:398.161 - 0.021ms returns 0
T3DD8 011:398.341 JLINK_ReadMem(0x00007F84, 0x4 Bytes, ...)
T3DD8 011:398.349    -- Read from flash cache (4 bytes @ 0x00007F84)
T3DD8 011:398.355   Data:  0F 4B 1B 68
T3DD8 011:398.361 - 0.020ms returns 0
T3DD8 011:398.509 JLINK_ReadMem(0x1FFEAD00, 0x40 Bytes, ...)
T3DD8 011:398.519    -- Read from C cache (64 bytes @ 0x1FFEAD00)
T3DD8 011:398.526   Data:  00 00 00 00 FF FF FF FF EF EF EF EF EF EF EF EF ...
T3DD8 011:398.532 - 0.022ms returns 0
T3DD8 011:399.398 JLINK_ReadMem(0x00008206, 0x4 Bytes, ...)
T3DD8 011:399.420    -- Read from flash cache (4 bytes @ 0x00008206)
T3DD8 011:399.427   Data:  EF F3 10 83
T3DD8 011:399.434 - 0.036ms returns 0
T3DD8 011:399.578 JLINK_ReadMem(0x1FFEA880, 0x40 Bytes, ...)
T3DD8 011:399.609    -- Read from C cache (64 bytes @ 0x1FFEA880)
T3DD8 011:399.616   Data:  01 00 00 00 1C 0A FE 1F 00 00 00 10 00 00 00 00 ...
T3DD8 011:399.622 - 0.044ms returns 0
T3DD8 011:400.198 JLINK_ReadMem(0x0000801A, 0x4 Bytes, ...)
T3DD8 011:400.210    -- Read from flash cache (4 bytes @ 0x0000801A)
T3DD8 011:400.216   Data:  D4 F8 84 00
T3DD8 011:400.222 - 0.024ms returns 0
T3DD8 011:400.893 JLINK_ReadMem(0x0000636E, 0x4 Bytes, ...)
T3DD8 011:400.907    -- Read from flash cache (4 bytes @ 0x0000636E)
T3DD8 011:400.914   Data:  23 6A 01 21
T3DD8 011:400.920 - 0.028ms returns 0
T3DD8 011:401.063 JLINK_ReadMem(0x1FFEA8C0, 0x40 Bytes, ...)
T3DD8 011:401.075    -- Read from C cache (64 bytes @ 0x1FFEA8C0)
T3DD8 011:401.082   Data:  00 00 08 00 AC A6 00 00 00 00 00 00 AF 64 00 00 ...
T3DD8 011:401.087 - 0.024ms returns 0
T3DD8 011:401.587 JLINK_ReadMem(0x000064AE, 0x4 Bytes, ...)
T3DD8 011:401.597    -- Read from flash cache (4 bytes @ 0x000064AE)
T3DD8 011:401.603   Data:  01 20 01 F0
T3DD8 011:401.610 - 0.022ms returns 0
T3DD8 011:402.007 JLINK_ReadMem(0x00007F84, 0x4 Bytes, ...)
T3DD8 011:402.017    -- Read from flash cache (4 bytes @ 0x00007F84)
T3DD8 011:402.023   Data:  0F 4B 1B 68
T3DD8 011:402.029 - 0.022ms returns 0
T3DD8 011:402.141 JLINK_ReadMem(0x1FFEA900, 0x40 Bytes, ...)
T3DD8 011:402.151    -- Read from C cache (64 bytes @ 0x1FFEA900)
T3DD8 011:402.158   Data:  00 00 00 00 FF FF FF FF EF EF EF EF EF EF EF EF ...
T3DD8 011:402.163 - 0.022ms returns 0
T3DD8 011:521.038 JLINK_ReadMem(0x00006270, 0x4 Bytes, ...)
T3DD8 011:521.066    -- Read from flash cache (4 bytes @ 0x00006270)
T3DD8 011:521.073   Data:  00 BE 70 47
T3DD8 011:521.080 - 0.042ms returns 0
T3DD8 011:521.394 JLINK_ReadMem(0x0000629C, 0x4 Bytes, ...)
T3DD8 011:521.410    -- Read from flash cache (4 bytes @ 0x0000629C)
T3DD8 011:521.417   Data:  F3 E7 06 48
T3DD8 011:521.424 - 0.030ms returns 0
T3DD8 011:521.748 JLINK_ReadMem(0x1FFEACC0, 0x40 Bytes, ...)
T3DD8 011:521.763    -- Read from C cache (64 bytes @ 0x1FFEACC0)
T3DD8 011:521.770   Data:  EF EF EF EF 20 A6 00 00 00 00 00 00 00 00 00 00 ...
T3DD8 011:521.776 - 0.028ms returns 0
T3DD8 011:522.012 JLINK_ReadMem(0x000062C6, 0x4 Bytes, ...)
T3DD8 011:522.025    -- Read from flash cache (4 bytes @ 0x000062C6)
T3DD8 011:522.031   Data:  BD E8 08 40
T3DD8 011:522.038 - 0.025ms returns 0
T3DD8 011:522.361 JLINK_ReadMem(0x00007F84, 0x4 Bytes, ...)
T3DD8 011:522.371    -- Read from flash cache (4 bytes @ 0x00007F84)
T3DD8 011:522.426   Data:  0F 4B 1B 68
T3DD8 011:522.434 - 0.073ms returns 0
T3DD8 011:522.580 JLINK_ReadMem(0x1FFEAD00, 0x40 Bytes, ...)
T3DD8 011:522.592    -- Read from C cache (64 bytes @ 0x1FFEAD00)
T3DD8 011:522.598   Data:  00 00 00 00 FF FF FF FF EF EF EF EF EF EF EF EF ...
T3DD8 011:522.605 - 0.024ms returns 0
T42C0 012:090.737 JLINK_IsHalted()
T42C0 012:091.055 - 0.318ms returns TRUE
T42C0 012:091.070 JLINK_ReadReg(XPSR)
T42C0 012:091.078 - 0.007ms returns 0x61000000
T42C0 012:091.083 JLINK_ReadReg(R15 (PC))
T42C0 012:091.088 - 0.004ms returns 0x00006270
T42C0 012:091.094 JLINK_ReadReg(XPSR)
T42C0 012:091.098 - 0.004ms returns 0x61000000
T42C0 012:091.103 JLINK_ReadReg(XPSR)
T42C0 012:091.107 - 0.004ms returns 0x61000000
T42C0 012:091.112 JLINK_ReadReg(R15 (PC))
T42C0 012:091.117 - 0.004ms returns 0x00006270
T42C0 012:091.122 JLINK_ReadReg(XPSR)
T42C0 012:091.126 - 0.004ms returns 0x61000000
T42C0 012:091.130 JLINK_ReadReg(XPSR)
T42C0 012:091.134 - 0.004ms returns 0x61000000
T42C0 012:091.140 JLINK_ReadMem(0x00006270, 0x1 Bytes, ...)
T42C0 012:091.147    -- Read from flash cache (1 bytes @ 0x00006270)
T42C0 012:091.154   Data:  00
T42C0 012:091.160 - 0.020ms returns 0
T42C0 012:091.165 JLINK_IsHalted()
T42C0 012:091.170 - 0.004ms returns TRUE
T42C0 012:091.174 JLINK_ReadReg(XPSR)
T42C0 012:091.178 - 0.004ms returns 0x61000000
T42C0 012:091.183 JLINK_ReadReg(XPSR)
T42C0 012:091.187 - 0.004ms returns 0x61000000
T42C0 012:091.192 JLINK_ReadReg(R15 (PC))
T42C0 012:091.196 - 0.004ms returns 0x00006270
T42C0 012:091.201 JLINK_ReadReg(XPSR)
T42C0 012:091.206 - 0.004ms returns 0x61000000
T42C0 012:091.210 JLINK_ReadReg(XPSR)
T42C0 012:091.214 - 0.004ms returns 0x61000000
T42C0 012:091.219 JLINK_ReadMem(0x00006270, 0x1 Bytes, ...)
T42C0 012:091.223    -- Read from flash cache (1 bytes @ 0x00006270)
T42C0 012:091.229   Data:  00
T42C0 012:091.235 - 0.016ms returns 0
T42C0 012:091.244 JLINK_ReadMem(0xE0001004, 0x4 Bytes, ...)
T42C0 012:091.254   CPU_ReadMem(4 bytes @ 0xE0001004)
T42C0 012:091.546   Data:  1C 46 6E 01
T42C0 012:091.557   Debug reg: DWT_CYCCNT
T42C0 012:091.563 - 0.319ms returns 0
T42C0 012:092.262 JLINK_IsHalted()
T42C0 012:092.338 - 0.075ms returns TRUE
T42C0 012:092.346 JLINK_ReadReg(XPSR)
T42C0 012:092.353 - 0.007ms returns 0x61000000
T42C0 012:092.358 JLINK_ReadReg(R15 (PC))
T42C0 012:092.363 - 0.004ms returns 0x00006270
T42C0 012:092.370 JLINK_ReadReg(XPSR)
T42C0 012:092.374 - 0.004ms returns 0x61000000
T42C0 012:092.379 JLINK_ReadReg(XPSR)
T42C0 012:092.383 - 0.004ms returns 0x61000000
T42C0 012:092.388 JLINK_ReadReg(R15 (PC))
T42C0 012:092.392 - 0.004ms returns 0x00006270
T42C0 012:092.397 JLINK_ReadReg(XPSR)
T42C0 012:092.402 - 0.004ms returns 0x61000000
T42C0 012:092.406 JLINK_ReadReg(XPSR)
T42C0 012:092.410 - 0.004ms returns 0x61000000
T42C0 012:092.416 JLINK_ReadMem(0x00006270, 0x1 Bytes, ...)
T42C0 012:092.423    -- Read from flash cache (1 bytes @ 0x00006270)
T42C0 012:092.430   Data:  00
T42C0 012:092.437 - 0.020ms returns 0
T42C0 012:092.442 JLINK_IsHalted()
T42C0 012:092.446 - 0.004ms returns TRUE
T42C0 012:092.451 JLINK_ReadReg(XPSR)
T42C0 012:092.456 - 0.004ms returns 0x61000000
T42C0 012:092.461 JLINK_ReadReg(XPSR)
T42C0 012:092.465 - 0.004ms returns 0x61000000
T42C0 012:092.470 JLINK_ReadReg(R15 (PC))
T42C0 012:092.474 - 0.004ms returns 0x00006270
T42C0 012:092.479 JLINK_ReadReg(XPSR)
T42C0 012:092.483 - 0.004ms returns 0x61000000
T42C0 012:092.488 JLINK_ReadReg(XPSR)
T42C0 012:092.493 - 0.004ms returns 0x61000000
T42C0 012:092.498 JLINK_ReadMem(0x00006270, 0x1 Bytes, ...)
T42C0 012:092.502    -- Read from flash cache (1 bytes @ 0x00006270)
T42C0 012:092.508   Data:  00
T42C0 012:092.514 - 0.016ms returns 0
T42C0 012:092.525 JLINK_ReadMem(0xE0001004, 0x4 Bytes, ...)
T42C0 012:092.534   Data:  1C 46 6E 01
T42C0 012:092.542   Debug reg: DWT_CYCCNT
T42C0 012:092.547 - 0.023ms returns 0
T42C0 012:093.194 JLINK_IsHalted()
T42C0 012:093.222 - 0.028ms returns TRUE
T42C0 012:093.228 JLINK_ReadReg(XPSR)
T42C0 012:093.277 - 0.048ms returns 0x61000000
T42C0 012:093.286 JLINK_ReadReg(R15 (PC))
T42C0 012:093.290 - 0.004ms returns 0x00006270
T42C0 012:093.297 JLINK_ReadReg(XPSR)
T42C0 012:093.302 - 0.004ms returns 0x61000000
T42C0 012:093.306 JLINK_ReadReg(XPSR)
T42C0 012:093.311 - 0.004ms returns 0x61000000
T42C0 012:093.316 JLINK_ReadReg(R15 (PC))
T42C0 012:093.320 - 0.004ms returns 0x00006270
T42C0 012:093.325 JLINK_ReadReg(XPSR)
T42C0 012:093.330 - 0.004ms returns 0x61000000
T42C0 012:094.266 JLINK_ReadReg(XPSR)
T42C0 012:094.288 - 0.022ms returns 0x61000000
T42C0 012:094.294 JLINK_ReadMem(0x00006270, 0x1 Bytes, ...)
T42C0 012:094.302    -- Read from flash cache (1 bytes @ 0x00006270)
T42C0 012:094.309   Data:  00
T42C0 012:094.317 - 0.021ms returns 0
T42C0 012:094.324 JLINK_IsHalted()
T42C0 012:094.330 - 0.005ms returns TRUE
T42C0 012:094.334 JLINK_ReadReg(XPSR)
T42C0 012:094.339 - 0.004ms returns 0x61000000
T42C0 012:094.346 JLINK_ReadReg(XPSR)
T42C0 012:094.350 - 0.004ms returns 0x61000000
T42C0 012:094.356 JLINK_ReadReg(R15 (PC))
T42C0 012:094.361 - 0.004ms returns 0x00006270
T42C0 012:094.367 JLINK_ReadReg(XPSR)
T42C0 012:094.373 - 0.004ms returns 0x61000000
T42C0 012:094.378 JLINK_ReadReg(XPSR)
T42C0 012:094.382 - 0.004ms returns 0x61000000
T42C0 012:094.389 JLINK_ReadMem(0x00006270, 0x1 Bytes, ...)
T42C0 012:094.394    -- Read from flash cache (1 bytes @ 0x00006270)
T42C0 012:094.400   Data:  00
T42C0 012:094.406 - 0.017ms returns 0
T42C0 012:094.418 JLINK_ReadMem(0xE0001004, 0x4 Bytes, ...)
T42C0 012:094.428   Data:  1C 46 6E 01
T42C0 012:094.434   Debug reg: DWT_CYCCNT
T42C0 012:094.441 - 0.022ms returns 0
T3DD8 012:423.883 JLINK_ReadMem(0x00006270, 0x4 Bytes, ...)
T3DD8 012:423.927    -- Read from flash cache (4 bytes @ 0x00006270)
T3DD8 012:423.934   Data:  00 BE 70 47
T3DD8 012:423.942 - 0.059ms returns 0
T3DD8 012:424.448 JLINK_ReadMem(0x0000629C, 0x4 Bytes, ...)
T3DD8 012:424.472    -- Read from flash cache (4 bytes @ 0x0000629C)
T3DD8 012:424.478   Data:  F3 E7 06 48
T3DD8 012:424.486 - 0.038ms returns 0
T3DD8 012:424.754 JLINK_ReadMem(0x1FFEACC0, 0x40 Bytes, ...)
T3DD8 012:424.774    -- Read from C cache (64 bytes @ 0x1FFEACC0)
T3DD8 012:424.782   Data:  EF EF EF EF 20 A6 00 00 00 00 00 00 00 00 00 00 ...
T3DD8 012:424.790 - 0.036ms returns 0
T3DD8 012:425.105 JLINK_ReadMem(0x000062C6, 0x4 Bytes, ...)
T3DD8 012:425.119    -- Read from flash cache (4 bytes @ 0x000062C6)
T3DD8 012:425.126   Data:  BD E8 08 40
T3DD8 012:425.133 - 0.028ms returns 0
T3DD8 012:563.903 JLINK_ReadMem(0x1FFEACC0, 0x40 Bytes, ...)
T3DD8 012:563.933    -- Read from C cache (64 bytes @ 0x1FFEACC0)
T3DD8 012:563.940   Data:  EF EF EF EF 20 A6 00 00 00 00 00 00 00 00 00 00 ...
T3DD8 012:563.946 - 0.044ms returns 0
T3DD8 012:564.248 JLINK_ReadMem(0x00007F84, 0x4 Bytes, ...)
T3DD8 012:564.265    -- Read from flash cache (4 bytes @ 0x00007F84)
T3DD8 012:564.272   Data:  0F 4B 1B 68
T3DD8 012:564.278 - 0.031ms returns 0
T3DD8 012:564.528 JLINK_ReadMem(0x1FFEAD00, 0x40 Bytes, ...)
T3DD8 012:564.546    -- Read from C cache (64 bytes @ 0x1FFEAD00)
T3DD8 012:564.553   Data:  00 00 00 00 FF FF FF FF EF EF EF EF EF EF EF EF ...
T3DD8 012:564.559 - 0.031ms returns 0
T3DD8 012:936.606 JLINK_ReadMem(0x1FFEACC0, 0x40 Bytes, ...)
T3DD8 012:936.942    -- Read from C cache (64 bytes @ 0x1FFEACC0)
T3DD8 012:936.978   Data:  EF EF EF EF 20 A6 00 00 00 00 00 00 00 00 00 00 ...
T3DD8 012:936.984 - 0.385ms returns 0
T3DD8 012:950.158 JLINK_ReadMem(0x1FFEACC0, 0x40 Bytes, ...)
T3DD8 012:950.189    -- Read from C cache (64 bytes @ 0x1FFEACC0)
T3DD8 012:950.197   Data:  EF EF EF EF 20 A6 00 00 00 00 00 00 00 00 00 00 ...
T3DD8 012:950.203 - 0.046ms returns 0
T3DD8 013:322.340 JLINK_ReadMem(0x1FFEACC0, 0x40 Bytes, ...)
T3DD8 013:322.373    -- Read from C cache (64 bytes @ 0x1FFEACC0)
T3DD8 013:322.381   Data:  EF EF EF EF 20 A6 00 00 00 00 00 00 00 00 00 00 ...
T3DD8 013:322.387 - 0.048ms returns 0
T3DD8 013:340.609 JLINK_ReadMem(0x1FFEACC0, 0x40 Bytes, ...)
T3DD8 013:340.642    -- Read from C cache (64 bytes @ 0x1FFEACC0)
T3DD8 013:340.755   Data:  EF EF EF EF 20 A6 00 00 00 00 00 00 00 00 00 00 ...
T3DD8 013:340.762 - 0.153ms returns 0
T3DD8 016:469.688 JLINK_ReadMem(0x00008206, 0x4 Bytes, ...)
T3DD8 016:469.712    -- Read from flash cache (4 bytes @ 0x00008206)
T3DD8 016:469.720   Data:  EF F3 10 83
T3DD8 016:469.726 - 0.040ms returns 0
T3DD8 016:469.974 JLINK_ReadMem(0x1FFEA880, 0x40 Bytes, ...)
T3DD8 016:469.994    -- Read from C cache (64 bytes @ 0x1FFEA880)
T3DD8 016:470.002   Data:  01 00 00 00 1C 0A FE 1F 00 00 00 10 00 00 00 00 ...
T3DD8 016:470.006 - 0.032ms returns 0
T3DD8 016:470.218 JLINK_ReadMem(0x0000801A, 0x4 Bytes, ...)
T3DD8 016:470.229    -- Read from flash cache (4 bytes @ 0x0000801A)
T3DD8 016:470.235   Data:  D4 F8 84 00
T3DD8 016:470.242 - 0.025ms returns 0
T3DD8 016:609.515 JLINK_ReadMem(0x1FFEA880, 0x40 Bytes, ...)
T3DD8 016:609.542    -- Read from C cache (64 bytes @ 0x1FFEA880)
T3DD8 016:609.562   Data:  01 00 00 00 1C 0A FE 1F 00 00 00 10 00 00 00 00 ...
T3DD8 016:609.568 - 0.053ms returns 0
T3DD8 016:609.922 JLINK_ReadMem(0x0000636E, 0x4 Bytes, ...)
T3DD8 016:609.936    -- Read from flash cache (4 bytes @ 0x0000636E)
T3DD8 016:609.942   Data:  23 6A 01 21
T3DD8 016:609.949 - 0.026ms returns 0
T3DD8 016:610.261 JLINK_ReadMem(0x1FFEA8C0, 0x40 Bytes, ...)
T3DD8 016:610.280    -- Read from C cache (64 bytes @ 0x1FFEA8C0)
T3DD8 016:610.288   Data:  00 00 08 00 AC A6 00 00 00 00 00 00 AF 64 00 00 ...
T3DD8 016:610.294 - 0.033ms returns 0
T3DD8 016:610.885 JLINK_ReadMem(0x000064AE, 0x4 Bytes, ...)
T3DD8 016:610.931    -- Read from flash cache (4 bytes @ 0x000064AE)
T3DD8 016:610.938   Data:  01 20 01 F0
T3DD8 016:610.946 - 0.061ms returns 0
T3DD8 016:613.296 JLINK_ReadMem(0x00007F84, 0x4 Bytes, ...)
T3DD8 016:613.317    -- Read from flash cache (4 bytes @ 0x00007F84)
T3DD8 016:613.336   Data:  0F 4B 1B 68
T3DD8 016:613.342 - 0.047ms returns 0
T3DD8 016:613.525 JLINK_ReadMem(0x1FFEA900, 0x40 Bytes, ...)
T3DD8 016:613.538    -- Read from C cache (64 bytes @ 0x1FFEA900)
T3DD8 016:613.544   Data:  00 00 00 00 FF FF FF FF EF EF EF EF EF EF EF EF ...
T3DD8 016:613.550 - 0.025ms returns 0
T3DD8 016:614.258 JLINK_ReadMem(0x1FFEA880, 0x40 Bytes, ...)
T3DD8 016:614.386    -- Read from C cache (64 bytes @ 0x1FFEA880)
T3DD8 016:614.397   Data:  01 00 00 00 1C 0A FE 1F 00 00 00 10 00 00 00 00 ...
T3DD8 016:614.414 - 0.156ms returns 0
T3DD8 016:635.338 JLINK_ReadMem(0x1FFEA880, 0x40 Bytes, ...)
T3DD8 016:635.374    -- Read from C cache (64 bytes @ 0x1FFEA880)
T3DD8 016:635.382   Data:  01 00 00 00 1C 0A FE 1F 00 00 00 10 00 00 00 00 ...
T3DD8 016:635.389 - 0.051ms returns 0
T3DD8 017:312.932 JLINK_ReadMem(0x1FFEA8C0, 0x40 Bytes, ...)
T3DD8 017:312.964    -- Read from C cache (64 bytes @ 0x1FFEA8C0)
T3DD8 017:312.972   Data:  00 00 08 00 AC A6 00 00 00 00 00 00 AF 64 00 00 ...
T3DD8 017:312.980 - 0.047ms returns 0
T3DD8 017:329.726 JLINK_ReadMem(0x1FFEA8C0, 0x40 Bytes, ...)
T3DD8 017:329.756    -- Read from C cache (64 bytes @ 0x1FFEA8C0)
T3DD8 017:329.764   Data:  00 00 08 00 AC A6 00 00 00 00 00 00 AF 64 00 00 ...
T3DD8 017:329.772 - 0.045ms returns 0
T3DD8 017:331.258 JLINK_ReadMem(0x1FFEA8C0, 0x40 Bytes, ...)
T3DD8 017:331.292    -- Read from C cache (64 bytes @ 0x1FFEA8C0)
T3DD8 017:331.298   Data:  00 00 08 00 AC A6 00 00 00 00 00 00 AF 64 00 00 ...
T3DD8 017:331.304 - 0.057ms returns 0
T3DD8 017:406.694 JLINK_ReadMem(0x00006270, 0x4 Bytes, ...)
T3DD8 017:406.724    -- Read from flash cache (4 bytes @ 0x00006270)
T3DD8 017:406.730   Data:  00 BE 70 47
T3DD8 017:406.738 - 0.042ms returns 0
T3DD8 017:407.738 JLINK_ReadMem(0x0000629C, 0x4 Bytes, ...)
T3DD8 017:407.764    -- Read from flash cache (4 bytes @ 0x0000629C)
T3DD8 017:407.772   Data:  F3 E7 06 48
T3DD8 017:407.778 - 0.040ms returns 0
T3DD8 017:407.998 JLINK_ReadMem(0x1FFEACC0, 0x40 Bytes, ...)
T3DD8 017:408.012    -- Read from C cache (64 bytes @ 0x1FFEACC0)
T3DD8 017:408.020   Data:  EF EF EF EF 20 A6 00 00 00 00 00 00 00 00 00 00 ...
T3DD8 017:408.026 - 0.029ms returns 0
T3DD8 020:050.876 JLINK_ReadMem(0x00006270, 0x4 Bytes, ...)
T3DD8 020:050.904    -- Read from flash cache (4 bytes @ 0x00006270)
T3DD8 020:050.910   Data:  00 BE 70 47
T3DD8 020:050.918 - 0.042ms returns 0
T3DD8 020:051.362 JLINK_ReadMem(0x0000629C, 0x4 Bytes, ...)
T3DD8 020:051.380    -- Read from flash cache (4 bytes @ 0x0000629C)
T3DD8 020:051.386   Data:  F3 E7 06 48
T3DD8 020:051.392 - 0.030ms returns 0
T3DD8 020:051.598 JLINK_ReadMem(0x1FFEACC0, 0x40 Bytes, ...)
T3DD8 020:051.626    -- Read from C cache (64 bytes @ 0x1FFEACC0)
T3DD8 020:051.648   Data:  EF EF EF EF 20 A6 00 00 00 00 00 00 00 00 00 00 ...
T3DD8 020:051.654 - 0.055ms returns 0
T3DD8 021:497.044 JLINK_ReadMem(0x1FFEACC0, 0x40 Bytes, ...)
T3DD8 021:497.074    -- Read from C cache (64 bytes @ 0x1FFEACC0)
T3DD8 021:497.082   Data:  EF EF EF EF 20 A6 00 00 00 00 00 00 00 00 00 00 ...
T3DD8 021:497.088 - 0.046ms returns 0
T3DD8 021:497.308 JLINK_ReadMem(0x000062C6, 0x4 Bytes, ...)
T3DD8 021:497.324    -- Read from flash cache (4 bytes @ 0x000062C6)
T3DD8 021:497.330   Data:  BD E8 08 40
T3DD8 021:497.338 - 0.028ms returns 0
T3DD8 021:497.684 JLINK_ReadMem(0x00007F84, 0x4 Bytes, ...)
T3DD8 021:497.700    -- Read from flash cache (4 bytes @ 0x00007F84)
T3DD8 021:497.708   Data:  0F 4B 1B 68
T3DD8 021:497.716 - 0.032ms returns 0
T3DD8 021:497.886 JLINK_ReadMem(0x1FFEAD00, 0x40 Bytes, ...)
T3DD8 021:497.908    -- Read from C cache (64 bytes @ 0x1FFEAD00)
T3DD8 021:497.916   Data:  00 00 00 00 FF FF FF FF EF EF EF EF EF EF EF EF ...
T3DD8 021:497.924 - 0.037ms returns 0
T3DD8 033:985.256 JLINK_ReadMem(0x1FFE0B08, 0x4 Bytes, ...)
T3DD8 033:985.304    -- Read from C cache (4 bytes @ 0x1FFE0B08)
T3DD8 033:985.308   Data:  02 00 00 00
T3DD8 033:985.320 - 0.062ms returns 0
T3DD8 033:985.688 JLINK_WriteMem(0x1FFE0B08, 0x4 Bytes, ...)
T3DD8 033:985.704   Data:  00 00 00 00
T3DD8 033:985.728   CPU_WriteMem(4 bytes @ 0x1FFE0B08)
T3DD8 033:986.084 - 0.393ms returns 0x4
T1810 033:998.024 JLINK_Halt()
T1810 033:998.364 - 0.344ms returns 0x00
T1810 033:998.384 JLINK_ReadReg(XPSR)
T1810 033:998.392 - 0.008ms returns 0x61000000
T1810 034:010.396 JLINK_Close()
T1810 034:010.808   OnDisconnectTarget() start
T1810 034:010.820    J-Link Script File: Executing OnDisconnectTarget()
T1810 034:010.824   Restoring low power mode settings.
T1810 034:019.528   OnDisconnectTarget() end - Took 8.70ms
T1810 034:041.000 - 30.603ms
T1810 034:041.028   
T1810 034:041.032   Closed
